
                                 Formality (R)

               Version L-2016.03-SP1 for linux64 - Apr 13, 2016 

                    Copyright (c) 1988 - 2016 Synopsys, Inc.
   This software and the associated documentation are proprietary to Synopsys,
 Inc. This software may only be used in accordance with the terms and conditions
 of a written license agreement with Synopsys, Inc. All other use, reproduction,
            or distribution of this software is strictly prohibited.

  ** Highlights of Formality (R) Version L-2016.03 **
   - New alternate verification strategies for resolving inconclusive verifications
   - Automation for deploying alternate strategies
   - New command to export the mapping of reference to implementation registers
   - New capability to combine PG and low power information from db libraries with Verilog functional models

   * Please refer to the Formality Release Notes for details and additional enhancements

Build: 4031317
Hostname: IC (RHEL64)
Current time: Wed Oct 23 22:07:11 2024

Loading db file '/opt/Synopsys/Formality2016/libraries/syn/gtech.db'
############################  Search PATH ################################
set PROJECT_PATH /home/IC/Labs/FINAL_SYSTEM
/home/IC/Labs/FINAL_SYSTEM
set LIB_PATH     /home/IC/tsmc_fb_cl013g_sc/aci/sc-m
/home/IC/tsmc_fb_cl013g_sc/aci/sc-m
lappend search_path $LIB_PATH/synopsys
/home/IC/tsmc_fb_cl013g_sc/aci/sc-m/synopsys
lappend search_path $PROJECT_PATH/RTL/ALU
/home/IC/tsmc_fb_cl013g_sc/aci/sc-m/synopsys /home/IC/Labs/FINAL_SYSTEM/RTL/ALU
lappend search_path $PROJECT_PATH/RTL/ASYNC_FIFO
/home/IC/tsmc_fb_cl013g_sc/aci/sc-m/synopsys /home/IC/Labs/FINAL_SYSTEM/RTL/ALU /home/IC/Labs/FINAL_SYSTEM/RTL/ASYNC_FIFO
lappend search_path $PROJECT_PATH/RTL/Clock_Divider
/home/IC/tsmc_fb_cl013g_sc/aci/sc-m/synopsys /home/IC/Labs/FINAL_SYSTEM/RTL/ALU /home/IC/Labs/FINAL_SYSTEM/RTL/ASYNC_FIFO /home/IC/Labs/FINAL_SYSTEM/RTL/Clock_Divider
lappend search_path $PROJECT_PATH/RTL/Clock_Gating
/home/IC/tsmc_fb_cl013g_sc/aci/sc-m/synopsys /home/IC/Labs/FINAL_SYSTEM/RTL/ALU /home/IC/Labs/FINAL_SYSTEM/RTL/ASYNC_FIFO /home/IC/Labs/FINAL_SYSTEM/RTL/Clock_Divider /home/IC/Labs/FINAL_SYSTEM/RTL/Clock_Gating
lappend search_path $PROJECT_PATH/RTL/DATA_SYNC
/home/IC/tsmc_fb_cl013g_sc/aci/sc-m/synopsys /home/IC/Labs/FINAL_SYSTEM/RTL/ALU /home/IC/Labs/FINAL_SYSTEM/RTL/ASYNC_FIFO /home/IC/Labs/FINAL_SYSTEM/RTL/Clock_Divider /home/IC/Labs/FINAL_SYSTEM/RTL/Clock_Gating /home/IC/Labs/FINAL_SYSTEM/RTL/DATA_SYNC
lappend search_path $PROJECT_PATH/RTL/RegFile
/home/IC/tsmc_fb_cl013g_sc/aci/sc-m/synopsys /home/IC/Labs/FINAL_SYSTEM/RTL/ALU /home/IC/Labs/FINAL_SYSTEM/RTL/ASYNC_FIFO /home/IC/Labs/FINAL_SYSTEM/RTL/Clock_Divider /home/IC/Labs/FINAL_SYSTEM/RTL/Clock_Gating /home/IC/Labs/FINAL_SYSTEM/RTL/DATA_SYNC /home/IC/Labs/FINAL_SYSTEM/RTL/RegFile
lappend search_path $PROJECT_PATH/RTL/PULSE_GEN
/home/IC/tsmc_fb_cl013g_sc/aci/sc-m/synopsys /home/IC/Labs/FINAL_SYSTEM/RTL/ALU /home/IC/Labs/FINAL_SYSTEM/RTL/ASYNC_FIFO /home/IC/Labs/FINAL_SYSTEM/RTL/Clock_Divider /home/IC/Labs/FINAL_SYSTEM/RTL/Clock_Gating /home/IC/Labs/FINAL_SYSTEM/RTL/DATA_SYNC /home/IC/Labs/FINAL_SYSTEM/RTL/RegFile /home/IC/Labs/FINAL_SYSTEM/RTL/PULSE_GEN
lappend search_path $PROJECT_PATH/RTL/RST_SYNC
/home/IC/tsmc_fb_cl013g_sc/aci/sc-m/synopsys /home/IC/Labs/FINAL_SYSTEM/RTL/ALU /home/IC/Labs/FINAL_SYSTEM/RTL/ASYNC_FIFO /home/IC/Labs/FINAL_SYSTEM/RTL/Clock_Divider /home/IC/Labs/FINAL_SYSTEM/RTL/Clock_Gating /home/IC/Labs/FINAL_SYSTEM/RTL/DATA_SYNC /home/IC/Labs/FINAL_SYSTEM/RTL/RegFile /home/IC/Labs/FINAL_SYSTEM/RTL/PULSE_GEN /home/IC/Labs/FINAL_SYSTEM/RTL/RST_SYNC
lappend search_path $PROJECT_PATH/RTL/SYS_CTRL
/home/IC/tsmc_fb_cl013g_sc/aci/sc-m/synopsys /home/IC/Labs/FINAL_SYSTEM/RTL/ALU /home/IC/Labs/FINAL_SYSTEM/RTL/ASYNC_FIFO /home/IC/Labs/FINAL_SYSTEM/RTL/Clock_Divider /home/IC/Labs/FINAL_SYSTEM/RTL/Clock_Gating /home/IC/Labs/FINAL_SYSTEM/RTL/DATA_SYNC /home/IC/Labs/FINAL_SYSTEM/RTL/RegFile /home/IC/Labs/FINAL_SYSTEM/RTL/PULSE_GEN /home/IC/Labs/FINAL_SYSTEM/RTL/RST_SYNC /home/IC/Labs/FINAL_SYSTEM/RTL/SYS_CTRL
lappend search_path $PROJECT_PATH/RTL/CLKDIV_MUX
/home/IC/tsmc_fb_cl013g_sc/aci/sc-m/synopsys /home/IC/Labs/FINAL_SYSTEM/RTL/ALU /home/IC/Labs/FINAL_SYSTEM/RTL/ASYNC_FIFO /home/IC/Labs/FINAL_SYSTEM/RTL/Clock_Divider /home/IC/Labs/FINAL_SYSTEM/RTL/Clock_Gating /home/IC/Labs/FINAL_SYSTEM/RTL/DATA_SYNC /home/IC/Labs/FINAL_SYSTEM/RTL/RegFile /home/IC/Labs/FINAL_SYSTEM/RTL/PULSE_GEN /home/IC/Labs/FINAL_SYSTEM/RTL/RST_SYNC /home/IC/Labs/FINAL_SYSTEM/RTL/SYS_CTRL /home/IC/Labs/FINAL_SYSTEM/RTL/CLKDIV_MUX
lappend search_path $PROJECT_PATH/RTL/UART/UART_RX
/home/IC/tsmc_fb_cl013g_sc/aci/sc-m/synopsys /home/IC/Labs/FINAL_SYSTEM/RTL/ALU /home/IC/Labs/FINAL_SYSTEM/RTL/ASYNC_FIFO /home/IC/Labs/FINAL_SYSTEM/RTL/Clock_Divider /home/IC/Labs/FINAL_SYSTEM/RTL/Clock_Gating /home/IC/Labs/FINAL_SYSTEM/RTL/DATA_SYNC /home/IC/Labs/FINAL_SYSTEM/RTL/RegFile /home/IC/Labs/FINAL_SYSTEM/RTL/PULSE_GEN /home/IC/Labs/FINAL_SYSTEM/RTL/RST_SYNC /home/IC/Labs/FINAL_SYSTEM/RTL/SYS_CTRL /home/IC/Labs/FINAL_SYSTEM/RTL/CLKDIV_MUX /home/IC/Labs/FINAL_SYSTEM/RTL/UART/UART_RX
lappend search_path $PROJECT_PATH/RTL/UART/UART_TX
/home/IC/tsmc_fb_cl013g_sc/aci/sc-m/synopsys /home/IC/Labs/FINAL_SYSTEM/RTL/ALU /home/IC/Labs/FINAL_SYSTEM/RTL/ASYNC_FIFO /home/IC/Labs/FINAL_SYSTEM/RTL/Clock_Divider /home/IC/Labs/FINAL_SYSTEM/RTL/Clock_Gating /home/IC/Labs/FINAL_SYSTEM/RTL/DATA_SYNC /home/IC/Labs/FINAL_SYSTEM/RTL/RegFile /home/IC/Labs/FINAL_SYSTEM/RTL/PULSE_GEN /home/IC/Labs/FINAL_SYSTEM/RTL/RST_SYNC /home/IC/Labs/FINAL_SYSTEM/RTL/SYS_CTRL /home/IC/Labs/FINAL_SYSTEM/RTL/CLKDIV_MUX /home/IC/Labs/FINAL_SYSTEM/RTL/UART/UART_RX /home/IC/Labs/FINAL_SYSTEM/RTL/UART/UART_TX
lappend search_path $PROJECT_PATH/RTL/UART/UART_TOP
/home/IC/tsmc_fb_cl013g_sc/aci/sc-m/synopsys /home/IC/Labs/FINAL_SYSTEM/RTL/ALU /home/IC/Labs/FINAL_SYSTEM/RTL/ASYNC_FIFO /home/IC/Labs/FINAL_SYSTEM/RTL/Clock_Divider /home/IC/Labs/FINAL_SYSTEM/RTL/Clock_Gating /home/IC/Labs/FINAL_SYSTEM/RTL/DATA_SYNC /home/IC/Labs/FINAL_SYSTEM/RTL/RegFile /home/IC/Labs/FINAL_SYSTEM/RTL/PULSE_GEN /home/IC/Labs/FINAL_SYSTEM/RTL/RST_SYNC /home/IC/Labs/FINAL_SYSTEM/RTL/SYS_CTRL /home/IC/Labs/FINAL_SYSTEM/RTL/CLKDIV_MUX /home/IC/Labs/FINAL_SYSTEM/RTL/UART/UART_RX /home/IC/Labs/FINAL_SYSTEM/RTL/UART/UART_TX /home/IC/Labs/FINAL_SYSTEM/RTL/UART/UART_TOP
lappend search_path $PROJECT_PATH/RTL/Top
/home/IC/tsmc_fb_cl013g_sc/aci/sc-m/synopsys /home/IC/Labs/FINAL_SYSTEM/RTL/ALU /home/IC/Labs/FINAL_SYSTEM/RTL/ASYNC_FIFO /home/IC/Labs/FINAL_SYSTEM/RTL/Clock_Divider /home/IC/Labs/FINAL_SYSTEM/RTL/Clock_Gating /home/IC/Labs/FINAL_SYSTEM/RTL/DATA_SYNC /home/IC/Labs/FINAL_SYSTEM/RTL/RegFile /home/IC/Labs/FINAL_SYSTEM/RTL/PULSE_GEN /home/IC/Labs/FINAL_SYSTEM/RTL/RST_SYNC /home/IC/Labs/FINAL_SYSTEM/RTL/SYS_CTRL /home/IC/Labs/FINAL_SYSTEM/RTL/CLKDIV_MUX /home/IC/Labs/FINAL_SYSTEM/RTL/UART/UART_RX /home/IC/Labs/FINAL_SYSTEM/RTL/UART/UART_TX /home/IC/Labs/FINAL_SYSTEM/RTL/UART/UART_TOP /home/IC/Labs/FINAL_SYSTEM/RTL/Top
########################### Define Top Module ############################
set top_module SYS_TOP_dft
SYS_TOP_dft
######################### Formality Setup File ###########################
set synopsys_auto_setup true
true
set_svf "../../Synthesis/$top_module.svf"
Error: Cannot open file: ../../Synthesis/SYS_TOP_dft.svf (FM-203)
0
####################### Read Reference tech libs ########################
set SSLIB "/home/IC/tsmc_fb_cl013g_sc/aci/sc-m/synopsys/scmetro_tsmc_cl013g_rvt_ss_1p08v_125c.db"
/home/IC/tsmc_fb_cl013g_sc/aci/sc-m/synopsys/scmetro_tsmc_cl013g_rvt_ss_1p08v_125c.db
set TTLIB "/home/IC/tsmc_fb_cl013g_sc/aci/sc-m/synopsys/scmetro_tsmc_cl013g_rvt_tt_1p2v_25c.db"
/home/IC/tsmc_fb_cl013g_sc/aci/sc-m/synopsys/scmetro_tsmc_cl013g_rvt_tt_1p2v_25c.db
set FFLIB "/home/IC/tsmc_fb_cl013g_sc/aci/sc-m/synopsys/scmetro_tsmc_cl013g_rvt_ff_1p32v_m40c.db"
/home/IC/tsmc_fb_cl013g_sc/aci/sc-m/synopsys/scmetro_tsmc_cl013g_rvt_ff_1p32v_m40c.db
read_db -container Ref [list $SSLIB $TTLIB $FFLIB]
Loading db file '/home/IC/tsmc_fb_cl013g_sc/aci/sc-m/synopsys/scmetro_tsmc_cl013g_rvt_ss_1p08v_125c.db'
Created container 'Ref'
Current container set to 'Ref'
Loading db file '/home/IC/tsmc_fb_cl013g_sc/aci/sc-m/synopsys/scmetro_tsmc_cl013g_rvt_tt_1p2v_25c.db'
Loading db file '/home/IC/tsmc_fb_cl013g_sc/aci/sc-m/synopsys/scmetro_tsmc_cl013g_rvt_ff_1p32v_m40c.db'
1
###################  Read Reference Design Files ######################## 
read_verilog -container Ref  "ALU_16_bit.v"
No target library specified, default is WORK
Loading verilog file '/home/IC/Labs/FINAL_SYSTEM/RTL/ALU/ALU_16_bit.v'
1
read_verilog -container Ref  "data_sync_fifo.v"
No target library specified, default is WORK
Loading verilog file '/home/IC/Labs/FINAL_SYSTEM/RTL/ASYNC_FIFO/data_sync_fifo.v'
1
read_verilog -container Ref  "fifo_memory.v"
No target library specified, default is WORK
Loading verilog file '/home/IC/Labs/FINAL_SYSTEM/RTL/ASYNC_FIFO/fifo_memory.v'
1
read_verilog -container Ref  "fifo_rptr_empty.v"
No target library specified, default is WORK
Loading verilog file '/home/IC/Labs/FINAL_SYSTEM/RTL/ASYNC_FIFO/fifo_rptr_empty.v'
1
read_verilog -container Ref  "fifo_top.v"
No target library specified, default is WORK
Loading verilog file '/home/IC/Labs/FINAL_SYSTEM/RTL/ASYNC_FIFO/fifo_top.v'
1
read_verilog -container Ref  "fifo_wptr_full.v"
No target library specified, default is WORK
Loading verilog file '/home/IC/Labs/FINAL_SYSTEM/RTL/ASYNC_FIFO/fifo_wptr_full.v'
1
read_verilog -container Ref  "CLKDIV_MUX.v"
No target library specified, default is WORK
Loading verilog file '/home/IC/Labs/FINAL_SYSTEM/RTL/CLKDIV_MUX/CLKDIV_MUX.v'
1
read_verilog -container Ref  "ClkDiv.v"
No target library specified, default is WORK
Loading verilog file '/home/IC/Labs/FINAL_SYSTEM/RTL/Clock_Divider/ClkDiv.v'
1
read_verilog -container Ref  "CLK_GATING.v"
No target library specified, default is WORK
Loading verilog file '/home/IC/Labs/FINAL_SYSTEM/RTL/Clock_Gating/CLK_GATING.v'
1
read_verilog -container Ref  "Data_Sync.v"
No target library specified, default is WORK
Loading verilog file '/home/IC/Labs/FINAL_SYSTEM/RTL/DATA_SYNC/Data_Sync.v'
1
read_verilog -container Ref  "PULSE_GEN.v"
No target library specified, default is WORK
Loading verilog file '/home/IC/Labs/FINAL_SYSTEM/RTL/PULSE_GEN/PULSE_GEN.v'
1
read_verilog -container Ref  "RAM.v"
No target library specified, default is WORK
Loading verilog file '/home/IC/Labs/FINAL_SYSTEM/RTL/RegFile/RAM.v'
1
read_verilog -container Ref  "RST_Sync.v"
No target library specified, default is WORK
Loading verilog file '/home/IC/Labs/FINAL_SYSTEM/RTL/RST_SYNC/RST_Sync.v'
1
read_sverilog -container Ref "SYS_CTRL.sv"
No target library specified, default is WORK
Loading verilog file '/home/IC/Labs/FINAL_SYSTEM/RTL/SYS_CTRL/SYS_CTRL.sv'
1
read_verilog -container Ref  "data_sampling.v"
No target library specified, default is WORK
Loading verilog file '/home/IC/Labs/FINAL_SYSTEM/RTL/UART/UART_RX/data_sampling.v'
1
read_verilog -container Ref  "deserializer.v"
No target library specified, default is WORK
Loading verilog file '/home/IC/Labs/FINAL_SYSTEM/RTL/UART/UART_RX/deserializer.v'
1
read_verilog -container Ref  "edge_bit_counter.v"
No target library specified, default is WORK
Loading verilog file '/home/IC/Labs/FINAL_SYSTEM/RTL/UART/UART_RX/edge_bit_counter.v'
1
read_sverilog -container Ref "FSM_RX.sv"
No target library specified, default is WORK
Loading verilog file '/home/IC/Labs/FINAL_SYSTEM/RTL/UART/UART_RX/FSM_RX.sv'
1
read_verilog -container Ref  "parity_check.v"
No target library specified, default is WORK
Loading verilog file '/home/IC/Labs/FINAL_SYSTEM/RTL/UART/UART_RX/parity_check.v'
1
read_verilog -container Ref  "start_check.v"
No target library specified, default is WORK
Loading verilog file '/home/IC/Labs/FINAL_SYSTEM/RTL/UART/UART_RX/start_check.v'
1
read_verilog -container Ref  "stop_check.v"
No target library specified, default is WORK
Loading verilog file '/home/IC/Labs/FINAL_SYSTEM/RTL/UART/UART_RX/stop_check.v'
1
read_verilog -container Ref  "UART_RX.v"
No target library specified, default is WORK
Loading verilog file '/home/IC/Labs/FINAL_SYSTEM/RTL/UART/UART_RX/UART_RX.v'
1
read_sverilog -container Ref "FSM.sv"
No target library specified, default is WORK
Loading verilog file '/home/IC/Labs/FINAL_SYSTEM/RTL/UART/UART_TX/FSM.sv'
1
read_verilog -container Ref  "MUX.v"
No target library specified, default is WORK
Loading verilog file '/home/IC/Labs/FINAL_SYSTEM/RTL/UART/UART_TX/MUX.v'
1
read_verilog -container Ref  "parity_checker.v"
No target library specified, default is WORK
Loading verilog file '/home/IC/Labs/FINAL_SYSTEM/RTL/UART/UART_TX/parity_checker.v'
1
read_verilog -container Ref  "Serializer.v"
No target library specified, default is WORK
Loading verilog file '/home/IC/Labs/FINAL_SYSTEM/RTL/UART/UART_TX/Serializer.v'
1
read_verilog -container Ref  "UART_TX.v"
No target library specified, default is WORK
Loading verilog file '/home/IC/Labs/FINAL_SYSTEM/RTL/UART/UART_TX/UART_TX.v'
1
read_verilog -container Ref  "SYS_TOP.v"
No target library specified, default is WORK
Loading verilog file '/home/IC/Labs/FINAL_SYSTEM/RTL/Top/SYS_TOP.v'
1
read_verilog -container Ref  "SYS_TOP_dft.v"
No target library specified, default is WORK
Loading verilog file '/home/IC/Labs/FINAL_SYSTEM/RTL/Top/SYS_TOP_dft.v'
1
read_verilog -container Ref  "UART_TOP.v"
No target library specified, default is WORK
Loading verilog file '/home/IC/Labs/FINAL_SYSTEM/RTL/UART/UART_TOP/UART_TOP.v'
1
read_verilog -container Ref  "mux2X1.v"
No target library specified, default is WORK
Loading verilog file '/home/IC/Labs/FINAL_SYSTEM/RTL/Top/mux2X1.v'
1
######################## set the top Reference Design ######################## 
set_reference_design SYS_TOP_dft
Reference design set to 'Ref:/WORK/SYS_TOP_dft'
1
set_top SYS_TOP_dft
Setting top design to 'Ref:/WORK/SYS_TOP_dft'
Status:   Elaborating design SYS_TOP_dft   ...  
Status:   Elaborating design mux2X1   ...  
Status:   Elaborating design RST_Sync  NUM_STAGES=2 ...  
Information: Created design named 'RST_Sync_NUM_STAGES2'. (FE-LINK-13)
Status:   Elaborating design Data_Sync  NUM_STAGES=2, BUS_WIDTH=8 ...  
Information: Created design named 'Data_Sync_NUM_STAGES2_BUS_WIDTH8'. (FE-LINK-13)
Status:   Elaborating design fifo_top  width=8 ...  
Information: Created design named 'fifo_top_width8'. (FE-LINK-13)
Status:   Elaborating design fifo_wptr_full   ...  
Status:   Elaborating design data_sync_fifo   ...  
Status:   Elaborating design fifo_rptr_empty   ...  
Status:   Elaborating design fifo_memory  data_width=8 ...  
Information: Created design named 'fifo_memory_data_width8'. (FE-LINK-13)
Status:   Elaborating design PULSE_GEN   ...  
Status:   Elaborating design ClkDiv   ...  
Status:   Elaborating design CLKDIV_MUX   ...  
Status:   Elaborating design UART_TOP   ...  
Status:   Elaborating design UART_RX   ...  
Status:   Elaborating design start_check   ...  
Status:   Elaborating design stop_check   ...  
Status:   Elaborating design FSM_RX   ...  
Status:   Elaborating design edge_bit_counter   ...  
Warning: Variable(s) is(are) being read asynchronously. This may cause simulation-synthesis mismatches. (File: /home/IC/Labs/FINAL_SYSTEM/RTL/UART/UART_RX/edge_bit_counter.v Line: 12)  (FMR_VLOG-100)
Status:   Elaborating design data_sampling   ...  
Status:   Elaborating design deserializer   ...  
Status:   Elaborating design parity_check   ...  
Status:   Elaborating design UART_TX   ...  
Status:   Elaborating design FSM   ...  
Status:   Elaborating design Serializer   ...  
Status:   Elaborating design parity_checker   ...  
Status:   Elaborating design MUX   ...  
Status:   Elaborating design SYS_CTRL   ...  
Status:   Elaborating design RAM   ...  
Status:   Elaborating design ALU_16_bit  OPERAND_WIDTH=8, OPCODE_WIDTH=4, RESULT_WIDTH=16 ...  
Information: Created design named 'ALU_16_bit_OPERAND_WIDTH8_OPCODE_WIDTH4_RESULT_WIDTH16'. (FE-LINK-13)
Status:   Elaborating design CLK_GATING   ...  
Status:  Implementing inferred operators...

************ Library Checking Summary ************
Warning:  3 unlinked power cell(s) with unread pg pins.
        Use 'report_libraries -defects all' for more details.
**************************************************

Top design set to 'Ref:/WORK/SYS_TOP_dft' with warnings
Reference design set to 'Ref:/WORK/SYS_TOP_dft'
1
####################### Read Implementation tech libs ######################## 
read_db -container Imp [list $SSLIB $TTLIB $FFLIB]
Loading db file '/home/IC/tsmc_fb_cl013g_sc/aci/sc-m/synopsys/scmetro_tsmc_cl013g_rvt_ss_1p08v_125c.db'
Created container 'Imp'
Current container set to 'Imp'
Loading db file '/home/IC/tsmc_fb_cl013g_sc/aci/sc-m/synopsys/scmetro_tsmc_cl013g_rvt_tt_1p2v_25c.db'
Loading db file '/home/IC/tsmc_fb_cl013g_sc/aci/sc-m/synopsys/scmetro_tsmc_cl013g_rvt_ff_1p32v_m40c.db'
1
#################### Read Implementation Design Files ######################## 
read_verilog -container Imp -netlist "$PROJECT_PATH/DFT/netlists/SYS_TOP_dft.v"
No target library specified, default is WORK
Loading verilog file '/home/IC/Labs/FINAL_SYSTEM/DFT/netlists/SYS_TOP_dft.v'
1
####################  set the top Implementation Design ######################
set_implementation_design SYS_TOP_dft
Implementation design set to 'Imp:/WORK/SYS_TOP_dft'
1
set_top SYS_TOP_dft
Setting top design to 'Imp:/WORK/SYS_TOP_dft'
Status:  Implementing inferred operators...

************ Library Checking Summary ************
Warning:  3 unlinked power cell(s) with unread pg pins.
        Use 'report_libraries -defects all' for more details.
**************************************************

Top design successfully set to 'Imp:/WORK/SYS_TOP_dft'
Implementation design set to 'Imp:/WORK/SYS_TOP_dft'
1
############################### Don't verify #################################
# do not verify scan in & scan out ports as a compare point as it is existed only after synthesis and not existed in the RTL
#scan_out
set_dont_verify_points -type port Ref:/WORK/*/SO*
Set don't verify point 'Ref:/WORK/SYS_TOP_dft/SO'
1
set_dont_verify_points -type port Imp:/WORK/*/SO*
Set don't verify point 'Imp:/WORK/SYS_TOP_dft/SO'
1
############################### contants #####################################
# all atpg enable(test_mode, scan_enable) are zero during formal compare
#test_mode
set_constant Ref:/WORK/*/test_mode 0
Set 'Ref:/WORK/CLK_GATING/test_mode' to constant 0
Set 'Ref:/WORK/SYS_TOP_dft/test_mode' to constant 0
1
set_constant Imp:/WORK/*/test_mode 0
Set 'Imp:/WORK/CLK_GATING/test_mode' to constant 0
Set 'Imp:/WORK/SYS_TOP_dft/test_mode' to constant 0
1
#scan_enable
set_constant Ref:/WORK/*/SE 0
Set 'Ref:/WORK/SYS_TOP_dft/SE' to constant 0
1
set_constant Imp:/WORK/*/SE 0
Set 'Imp:/WORK/SYS_TOP_dft/SE' to constant 0
1
########################### matching Compare points ##########################
match
Reference design is 'Ref:/WORK/SYS_TOP_dft'
Implementation design is 'Imp:/WORK/SYS_TOP_dft'
Status:  Checking designs...
    Warning: 1 (12) undriven nets found in reference (implementation) design; see formality.log for list (FM-399)
Status:  Building verification models...
Status:  Matching...
    
*********************************** Matching Results ***********************************    
 337 Compare points matched by name    
 0 Compare points matched by signature analysis    
 0 Compare points matched by topology    
 5 Matched primary inputs, black-box outputs    
 0(2) Unmatched reference(implementation) compare points    
 0(0) Unmatched reference(implementation) primary inputs, black-box outputs    
 8(3) Unmatched reference(implementation) unread points    
----------------------------------------------------------------------------------------    
Unmatched Objects                                                        REF        IMPL    
----------------------------------------------------------------------------------------    
 Output ports (Port)                                                       0           2    
****************************************************************************************

1
################################# verify #####################################
set successful [verify]
Reference design is 'Ref:/WORK/SYS_TOP_dft'
Implementation design is 'Imp:/WORK/SYS_TOP_dft'
    
*********************************** Matching Results ***********************************    
 337 Compare points matched by name    
 0 Compare points matched by signature analysis    
 0 Compare points matched by topology    
 5 Matched primary inputs, black-box outputs    
 0(2) Unmatched reference(implementation) compare points    
 0(0) Unmatched reference(implementation) primary inputs, black-box outputs    
 8(3) Unmatched reference(implementation) unread points    
----------------------------------------------------------------------------------------    
Unmatched Objects                                                        REF        IMPL    
----------------------------------------------------------------------------------------    
 Output ports (Port)                                                       0           2    
****************************************************************************************

Status:  Verifying...

***************************** Synopsys Auto Setup Summary ******************************

!!! Synopsys Auto Setup Mode was enabled. !!!
!!! Verification results are valid assuming the following setup constraints: !!!

### RTL Interpretation Setup
   set hdlin_ignore_parallel_case false
   set hdlin_ignore_full_case false
   set hdlin_error_on_mismatch_message false
   set hdlin_ignore_embedded_configuration true

### Undriven Signal Handling Setup
   set verification_set_undriven_signals synthesis

### Test Logic Setup
   set verification_verify_directly_undriven_output false
   For details see report_dont_verify_points and report_constants


For further details on Synopsys Auto Setup Mode: Type man synopsys_auto_setup
****************************************************************************************


********************************* Verification Results *********************************
Verification SUCCEEDED
   ATTENTION: synopsys_auto_setup mode was enabled.
              See Synopsys Auto Setup Summary for details.
----------------------------------------------------------
 Reference design: Ref:/WORK/SYS_TOP_dft
 Implementation design: Imp:/WORK/SYS_TOP_dft
 337 Passing compare points
----------------------------------------------------------------------------------------
Matched Compare Points     BBPin    Loop   BBNet     Cut    Port     DFF     LAT   TOTAL
----------------------------------------------------------------------------------------
Passing (equivalent)           0       0       0       0       3     333       1     337
Failing (not equivalent)       0       0       0       0       0       0       0       0
Not Compared
  Don't verify                 0       0       0       0       1       0       0       1
****************************************************************************************
1
if {!$successful} {
diagnose
analyze_points -failing
}
report_passing_points > "reports/passing_points.rpt"
report_failing_points > "reports/failing_points.rpt"
report_aborted_points > "reports/aborted_points.rpt"
report_unverified_points > "reports/unverified_points.rpt"
start_gui
     1  source -echo -verbose dft_fm_script.tcl
1
1
fm_shell (verify)> 
Maximum memory usage for this session: 449288 KB
CPU usage for this session: 10.56 seconds
Current time: Wed Oct 23 22:07:36 2024
Elapsed time: 35 seconds

Thank you for using Formality (R)!
