 
****************************************
Report : clocks
Design : SYS_TOP
Version: K-2015.06
Date   : Wed Oct 23 21:52:23 2024
****************************************

Attributes:
    d - dont_touch_network
    f - fix_hold
    p - propagated_clock
    G - generated_clock
    g - lib_generated_clock

Clock          Period   Waveform            Attrs     Sources
--------------------------------------------------------------------------------
Gated_Clock     20.00   {0 10}              G         {ALU_GATING_CLK/GATED_CLK}
REF_DOMAIN      20.00   {0 10}              d         {REF_CLK}
RX_CLK         271.27   {0 135.634}         G         {RX_CLK_DIV/o_div_clk}
TX_CLK        8680.56   {0 4340.28}         G         {TX_CLK_DIV/o_div_clk}
UART_DOMAIN    271.27   {0 135.634}         d         {UART_CLK}
--------------------------------------------------------------------------------

Generated     Master         Generated      Master         Waveform
Clock         Source         Source         Clock          Modification
--------------------------------------------------------------------------------
Gated_Clock   REF_CLK        {ALU_GATING_CLK/GATED_CLK}
                                            REF_DOMAIN     divide_by(1)
RX_CLK        UART_CLK       {RX_CLK_DIV/o_div_clk}
                                            UART_DOMAIN    divide_by(1)
TX_CLK        UART_CLK       {TX_CLK_DIV/o_div_clk}
                                            UART_DOMAIN    divide_by(32)
--------------------------------------------------------------------------------
1
