                                        
                           Design Compiler Graphical 
                                 DC Ultra (TM)
                                  DFTMAX (TM)
                              Power Compiler (TM)
                                 DesignWare (R)
                                 DC Expert (TM)
                               Design Vision (TM)
                               HDL Compiler (TM)
                               VHDL Compiler (TM)
                                  DFT Compiler
                               Design Compiler(R)
                                        
                 Version K-2015.06 for linux64 - May 28, 2015 
                                        
                    Copyright (c) 1988 - 2015 Synopsys, Inc.
   This software and the associated documentation are proprietary to Synopsys,
 Inc. This software may only be used in accordance with the terms and conditions
 of a written license agreement with Synopsys, Inc. All other use, reproduction,
            or distribution of this software is strictly prohibited.
Initializing...
Initializing gui preferences from file  /home/IC/.synopsys_dv_prefs.tcl
########################### Define Top Module ############################
set top_module SYS_TOP
SYS_TOP
##################### Define Working Library Directory ######################
define_design_lib work -path ./work
1
############################# Formality Setup File ##########################
set_svf $top_module.svf
1
################## Design Compiler Library Files #setup ######################
puts "###########################################"
###########################################
puts "#      #setting Design Libraries          #"
#      #setting Design Libraries          #
puts "###########################################"
###########################################
#Add the path of the libraries and RTL files to the search_path variable
set PROJECT_PATH /home/IC/Labs/FINAL_SYSTEM
/home/IC/Labs/FINAL_SYSTEM
set LIB_PATH     /home/IC/tsmc_fb_cl013g_sc/aci/sc-m
/home/IC/tsmc_fb_cl013g_sc/aci/sc-m
lappend search_path $LIB_PATH/synopsys
. /opt/Synopsys/Synplify2015/libraries/syn /opt/Synopsys/Synplify2015/minpower/syn /opt/Synopsys/Synplify2015/dw/syn_ver /opt/Synopsys/Synplify2015/dw/sim_ver /home/IC/tsmc_fb_cl013g_sc/aci/sc-m/synopsys
lappend search_path $PROJECT_PATH/RTL/ALU
. /opt/Synopsys/Synplify2015/libraries/syn /opt/Synopsys/Synplify2015/minpower/syn /opt/Synopsys/Synplify2015/dw/syn_ver /opt/Synopsys/Synplify2015/dw/sim_ver /home/IC/tsmc_fb_cl013g_sc/aci/sc-m/synopsys /home/IC/Labs/FINAL_SYSTEM/RTL/ALU
lappend search_path $PROJECT_PATH/RTL/ASYNC_FIFO
. /opt/Synopsys/Synplify2015/libraries/syn /opt/Synopsys/Synplify2015/minpower/syn /opt/Synopsys/Synplify2015/dw/syn_ver /opt/Synopsys/Synplify2015/dw/sim_ver /home/IC/tsmc_fb_cl013g_sc/aci/sc-m/synopsys /home/IC/Labs/FINAL_SYSTEM/RTL/ALU /home/IC/Labs/FINAL_SYSTEM/RTL/ASYNC_FIFO
lappend search_path $PROJECT_PATH/RTL/Clock_Divider
. /opt/Synopsys/Synplify2015/libraries/syn /opt/Synopsys/Synplify2015/minpower/syn /opt/Synopsys/Synplify2015/dw/syn_ver /opt/Synopsys/Synplify2015/dw/sim_ver /home/IC/tsmc_fb_cl013g_sc/aci/sc-m/synopsys /home/IC/Labs/FINAL_SYSTEM/RTL/ALU /home/IC/Labs/FINAL_SYSTEM/RTL/ASYNC_FIFO /home/IC/Labs/FINAL_SYSTEM/RTL/Clock_Divider
lappend search_path $PROJECT_PATH/RTL/Clock_Gating
. /opt/Synopsys/Synplify2015/libraries/syn /opt/Synopsys/Synplify2015/minpower/syn /opt/Synopsys/Synplify2015/dw/syn_ver /opt/Synopsys/Synplify2015/dw/sim_ver /home/IC/tsmc_fb_cl013g_sc/aci/sc-m/synopsys /home/IC/Labs/FINAL_SYSTEM/RTL/ALU /home/IC/Labs/FINAL_SYSTEM/RTL/ASYNC_FIFO /home/IC/Labs/FINAL_SYSTEM/RTL/Clock_Divider /home/IC/Labs/FINAL_SYSTEM/RTL/Clock_Gating
lappend search_path $PROJECT_PATH/RTL/DATA_SYNC
. /opt/Synopsys/Synplify2015/libraries/syn /opt/Synopsys/Synplify2015/minpower/syn /opt/Synopsys/Synplify2015/dw/syn_ver /opt/Synopsys/Synplify2015/dw/sim_ver /home/IC/tsmc_fb_cl013g_sc/aci/sc-m/synopsys /home/IC/Labs/FINAL_SYSTEM/RTL/ALU /home/IC/Labs/FINAL_SYSTEM/RTL/ASYNC_FIFO /home/IC/Labs/FINAL_SYSTEM/RTL/Clock_Divider /home/IC/Labs/FINAL_SYSTEM/RTL/Clock_Gating /home/IC/Labs/FINAL_SYSTEM/RTL/DATA_SYNC
lappend search_path $PROJECT_PATH/RTL/RegFile
. /opt/Synopsys/Synplify2015/libraries/syn /opt/Synopsys/Synplify2015/minpower/syn /opt/Synopsys/Synplify2015/dw/syn_ver /opt/Synopsys/Synplify2015/dw/sim_ver /home/IC/tsmc_fb_cl013g_sc/aci/sc-m/synopsys /home/IC/Labs/FINAL_SYSTEM/RTL/ALU /home/IC/Labs/FINAL_SYSTEM/RTL/ASYNC_FIFO /home/IC/Labs/FINAL_SYSTEM/RTL/Clock_Divider /home/IC/Labs/FINAL_SYSTEM/RTL/Clock_Gating /home/IC/Labs/FINAL_SYSTEM/RTL/DATA_SYNC /home/IC/Labs/FINAL_SYSTEM/RTL/RegFile
lappend search_path $PROJECT_PATH/RTL/PULSE_GEN
. /opt/Synopsys/Synplify2015/libraries/syn /opt/Synopsys/Synplify2015/minpower/syn /opt/Synopsys/Synplify2015/dw/syn_ver /opt/Synopsys/Synplify2015/dw/sim_ver /home/IC/tsmc_fb_cl013g_sc/aci/sc-m/synopsys /home/IC/Labs/FINAL_SYSTEM/RTL/ALU /home/IC/Labs/FINAL_SYSTEM/RTL/ASYNC_FIFO /home/IC/Labs/FINAL_SYSTEM/RTL/Clock_Divider /home/IC/Labs/FINAL_SYSTEM/RTL/Clock_Gating /home/IC/Labs/FINAL_SYSTEM/RTL/DATA_SYNC /home/IC/Labs/FINAL_SYSTEM/RTL/RegFile /home/IC/Labs/FINAL_SYSTEM/RTL/PULSE_GEN
lappend search_path $PROJECT_PATH/RTL/RST_SYNC
. /opt/Synopsys/Synplify2015/libraries/syn /opt/Synopsys/Synplify2015/minpower/syn /opt/Synopsys/Synplify2015/dw/syn_ver /opt/Synopsys/Synplify2015/dw/sim_ver /home/IC/tsmc_fb_cl013g_sc/aci/sc-m/synopsys /home/IC/Labs/FINAL_SYSTEM/RTL/ALU /home/IC/Labs/FINAL_SYSTEM/RTL/ASYNC_FIFO /home/IC/Labs/FINAL_SYSTEM/RTL/Clock_Divider /home/IC/Labs/FINAL_SYSTEM/RTL/Clock_Gating /home/IC/Labs/FINAL_SYSTEM/RTL/DATA_SYNC /home/IC/Labs/FINAL_SYSTEM/RTL/RegFile /home/IC/Labs/FINAL_SYSTEM/RTL/PULSE_GEN /home/IC/Labs/FINAL_SYSTEM/RTL/RST_SYNC
lappend search_path $PROJECT_PATH/RTL/SYS_CTRL
. /opt/Synopsys/Synplify2015/libraries/syn /opt/Synopsys/Synplify2015/minpower/syn /opt/Synopsys/Synplify2015/dw/syn_ver /opt/Synopsys/Synplify2015/dw/sim_ver /home/IC/tsmc_fb_cl013g_sc/aci/sc-m/synopsys /home/IC/Labs/FINAL_SYSTEM/RTL/ALU /home/IC/Labs/FINAL_SYSTEM/RTL/ASYNC_FIFO /home/IC/Labs/FINAL_SYSTEM/RTL/Clock_Divider /home/IC/Labs/FINAL_SYSTEM/RTL/Clock_Gating /home/IC/Labs/FINAL_SYSTEM/RTL/DATA_SYNC /home/IC/Labs/FINAL_SYSTEM/RTL/RegFile /home/IC/Labs/FINAL_SYSTEM/RTL/PULSE_GEN /home/IC/Labs/FINAL_SYSTEM/RTL/RST_SYNC /home/IC/Labs/FINAL_SYSTEM/RTL/SYS_CTRL
lappend search_path $PROJECT_PATH/RTL/CLKDIV_MUX
. /opt/Synopsys/Synplify2015/libraries/syn /opt/Synopsys/Synplify2015/minpower/syn /opt/Synopsys/Synplify2015/dw/syn_ver /opt/Synopsys/Synplify2015/dw/sim_ver /home/IC/tsmc_fb_cl013g_sc/aci/sc-m/synopsys /home/IC/Labs/FINAL_SYSTEM/RTL/ALU /home/IC/Labs/FINAL_SYSTEM/RTL/ASYNC_FIFO /home/IC/Labs/FINAL_SYSTEM/RTL/Clock_Divider /home/IC/Labs/FINAL_SYSTEM/RTL/Clock_Gating /home/IC/Labs/FINAL_SYSTEM/RTL/DATA_SYNC /home/IC/Labs/FINAL_SYSTEM/RTL/RegFile /home/IC/Labs/FINAL_SYSTEM/RTL/PULSE_GEN /home/IC/Labs/FINAL_SYSTEM/RTL/RST_SYNC /home/IC/Labs/FINAL_SYSTEM/RTL/SYS_CTRL /home/IC/Labs/FINAL_SYSTEM/RTL/CLKDIV_MUX
lappend search_path $PROJECT_PATH/RTL/UART/UART_RX
. /opt/Synopsys/Synplify2015/libraries/syn /opt/Synopsys/Synplify2015/minpower/syn /opt/Synopsys/Synplify2015/dw/syn_ver /opt/Synopsys/Synplify2015/dw/sim_ver /home/IC/tsmc_fb_cl013g_sc/aci/sc-m/synopsys /home/IC/Labs/FINAL_SYSTEM/RTL/ALU /home/IC/Labs/FINAL_SYSTEM/RTL/ASYNC_FIFO /home/IC/Labs/FINAL_SYSTEM/RTL/Clock_Divider /home/IC/Labs/FINAL_SYSTEM/RTL/Clock_Gating /home/IC/Labs/FINAL_SYSTEM/RTL/DATA_SYNC /home/IC/Labs/FINAL_SYSTEM/RTL/RegFile /home/IC/Labs/FINAL_SYSTEM/RTL/PULSE_GEN /home/IC/Labs/FINAL_SYSTEM/RTL/RST_SYNC /home/IC/Labs/FINAL_SYSTEM/RTL/SYS_CTRL /home/IC/Labs/FINAL_SYSTEM/RTL/CLKDIV_MUX /home/IC/Labs/FINAL_SYSTEM/RTL/UART/UART_RX
lappend search_path $PROJECT_PATH/RTL/UART/UART_TX
. /opt/Synopsys/Synplify2015/libraries/syn /opt/Synopsys/Synplify2015/minpower/syn /opt/Synopsys/Synplify2015/dw/syn_ver /opt/Synopsys/Synplify2015/dw/sim_ver /home/IC/tsmc_fb_cl013g_sc/aci/sc-m/synopsys /home/IC/Labs/FINAL_SYSTEM/RTL/ALU /home/IC/Labs/FINAL_SYSTEM/RTL/ASYNC_FIFO /home/IC/Labs/FINAL_SYSTEM/RTL/Clock_Divider /home/IC/Labs/FINAL_SYSTEM/RTL/Clock_Gating /home/IC/Labs/FINAL_SYSTEM/RTL/DATA_SYNC /home/IC/Labs/FINAL_SYSTEM/RTL/RegFile /home/IC/Labs/FINAL_SYSTEM/RTL/PULSE_GEN /home/IC/Labs/FINAL_SYSTEM/RTL/RST_SYNC /home/IC/Labs/FINAL_SYSTEM/RTL/SYS_CTRL /home/IC/Labs/FINAL_SYSTEM/RTL/CLKDIV_MUX /home/IC/Labs/FINAL_SYSTEM/RTL/UART/UART_RX /home/IC/Labs/FINAL_SYSTEM/RTL/UART/UART_TX
lappend search_path $PROJECT_PATH/RTL/UART/UART_TOP
. /opt/Synopsys/Synplify2015/libraries/syn /opt/Synopsys/Synplify2015/minpower/syn /opt/Synopsys/Synplify2015/dw/syn_ver /opt/Synopsys/Synplify2015/dw/sim_ver /home/IC/tsmc_fb_cl013g_sc/aci/sc-m/synopsys /home/IC/Labs/FINAL_SYSTEM/RTL/ALU /home/IC/Labs/FINAL_SYSTEM/RTL/ASYNC_FIFO /home/IC/Labs/FINAL_SYSTEM/RTL/Clock_Divider /home/IC/Labs/FINAL_SYSTEM/RTL/Clock_Gating /home/IC/Labs/FINAL_SYSTEM/RTL/DATA_SYNC /home/IC/Labs/FINAL_SYSTEM/RTL/RegFile /home/IC/Labs/FINAL_SYSTEM/RTL/PULSE_GEN /home/IC/Labs/FINAL_SYSTEM/RTL/RST_SYNC /home/IC/Labs/FINAL_SYSTEM/RTL/SYS_CTRL /home/IC/Labs/FINAL_SYSTEM/RTL/CLKDIV_MUX /home/IC/Labs/FINAL_SYSTEM/RTL/UART/UART_RX /home/IC/Labs/FINAL_SYSTEM/RTL/UART/UART_TX /home/IC/Labs/FINAL_SYSTEM/RTL/UART/UART_TOP
lappend search_path $PROJECT_PATH/RTL/Top
. /opt/Synopsys/Synplify2015/libraries/syn /opt/Synopsys/Synplify2015/minpower/syn /opt/Synopsys/Synplify2015/dw/syn_ver /opt/Synopsys/Synplify2015/dw/sim_ver /home/IC/tsmc_fb_cl013g_sc/aci/sc-m/synopsys /home/IC/Labs/FINAL_SYSTEM/RTL/ALU /home/IC/Labs/FINAL_SYSTEM/RTL/ASYNC_FIFO /home/IC/Labs/FINAL_SYSTEM/RTL/Clock_Divider /home/IC/Labs/FINAL_SYSTEM/RTL/Clock_Gating /home/IC/Labs/FINAL_SYSTEM/RTL/DATA_SYNC /home/IC/Labs/FINAL_SYSTEM/RTL/RegFile /home/IC/Labs/FINAL_SYSTEM/RTL/PULSE_GEN /home/IC/Labs/FINAL_SYSTEM/RTL/RST_SYNC /home/IC/Labs/FINAL_SYSTEM/RTL/SYS_CTRL /home/IC/Labs/FINAL_SYSTEM/RTL/CLKDIV_MUX /home/IC/Labs/FINAL_SYSTEM/RTL/UART/UART_RX /home/IC/Labs/FINAL_SYSTEM/RTL/UART/UART_TX /home/IC/Labs/FINAL_SYSTEM/RTL/UART/UART_TOP /home/IC/Labs/FINAL_SYSTEM/RTL/Top
set SSLIB "scmetro_tsmc_cl013g_rvt_ss_1p08v_125c.db"
scmetro_tsmc_cl013g_rvt_ss_1p08v_125c.db
set TTLIB "scmetro_tsmc_cl013g_rvt_tt_1p2v_25c.db"
scmetro_tsmc_cl013g_rvt_tt_1p2v_25c.db
set FFLIB "scmetro_tsmc_cl013g_rvt_ff_1p32v_m40c.db"
scmetro_tsmc_cl013g_rvt_ff_1p32v_m40c.db
## Standard Cell libraries 
set target_library [list $SSLIB $TTLIB $FFLIB]
scmetro_tsmc_cl013g_rvt_ss_1p08v_125c.db scmetro_tsmc_cl013g_rvt_tt_1p2v_25c.db scmetro_tsmc_cl013g_rvt_ff_1p32v_m40c.db
## Standard Cell & Hard Macros libraries 
set link_library [list * $SSLIB $TTLIB $FFLIB]  
* scmetro_tsmc_cl013g_rvt_ss_1p08v_125c.db scmetro_tsmc_cl013g_rvt_tt_1p2v_25c.db scmetro_tsmc_cl013g_rvt_ff_1p32v_m40c.db
######################## Reading RTL Files #################################
puts "###########################################"
###########################################
puts "#             Reading RTL Files           #"
#             Reading RTL Files           #
puts "###########################################"
###########################################
set file_format verilog
verilog
#ALU
analyze -format $file_format ALU_16_bit.v
Running PRESTO HDLC
Compiling source file /home/IC/Labs/FINAL_SYSTEM/RTL/ALU/ALU_16_bit.v
Presto compilation completed successfully.
Loading db file '/home/IC/tsmc_fb_cl013g_sc/aci/sc-m/synopsys/scmetro_tsmc_cl013g_rvt_ss_1p08v_125c.db'
Loading db file '/home/IC/tsmc_fb_cl013g_sc/aci/sc-m/synopsys/scmetro_tsmc_cl013g_rvt_tt_1p2v_25c.db'
Loading db file '/home/IC/tsmc_fb_cl013g_sc/aci/sc-m/synopsys/scmetro_tsmc_cl013g_rvt_ff_1p32v_m40c.db'
1
#FIFO
analyze -format $file_format data_sync_fifo.v
Running PRESTO HDLC
Compiling source file /home/IC/Labs/FINAL_SYSTEM/RTL/ASYNC_FIFO/data_sync_fifo.v
Presto compilation completed successfully.
1
analyze -format $file_format fifo_memory.v
Running PRESTO HDLC
Compiling source file /home/IC/Labs/FINAL_SYSTEM/RTL/ASYNC_FIFO/fifo_memory.v
Presto compilation completed successfully.
1
analyze -format $file_format fifo_rptr_empty.v
Running PRESTO HDLC
Compiling source file /home/IC/Labs/FINAL_SYSTEM/RTL/ASYNC_FIFO/fifo_rptr_empty.v
Presto compilation completed successfully.
1
analyze -format $file_format fifo_top.v
Running PRESTO HDLC
Compiling source file /home/IC/Labs/FINAL_SYSTEM/RTL/ASYNC_FIFO/fifo_top.v
Presto compilation completed successfully.
1
analyze -format $file_format fifo_wptr_full.v
Running PRESTO HDLC
Compiling source file /home/IC/Labs/FINAL_SYSTEM/RTL/ASYNC_FIFO/fifo_wptr_full.v
Presto compilation completed successfully.
1
#CLK_DIVIDER MUX
analyze -format $file_format CLKDIV_MUX.v
Running PRESTO HDLC
Compiling source file /home/IC/Labs/FINAL_SYSTEM/RTL/CLKDIV_MUX/CLKDIV_MUX.v
Presto compilation completed successfully.
1
#CLK_DIVIDER
analyze -format $file_format ClkDiv.v
Running PRESTO HDLC
Compiling source file /home/IC/Labs/FINAL_SYSTEM/RTL/Clock_Divider/ClkDiv.v
Presto compilation completed successfully.
1
#CLK_GATING
analyze -format $file_format CLK_GATING.v
Running PRESTO HDLC
Compiling source file /home/IC/Labs/FINAL_SYSTEM/RTL/Clock_Gating/CLK_GATING.v
Presto compilation completed successfully.
1
#DATA_SYNC
analyze -format $file_format Data_Sync.v
Running PRESTO HDLC
Compiling source file /home/IC/Labs/FINAL_SYSTEM/RTL/DATA_SYNC/Data_Sync.v
Presto compilation completed successfully.
1
#PULSE_GENERATOR
analyze -format $file_format PULSE_GEN.v
Running PRESTO HDLC
Compiling source file /home/IC/Labs/FINAL_SYSTEM/RTL/PULSE_GEN/PULSE_GEN.v
Presto compilation completed successfully.
1
#REGISTER_FILE
analyze -format $file_format RAM.v
Running PRESTO HDLC
Compiling source file /home/IC/Labs/FINAL_SYSTEM/RTL/RegFile/RAM.v
Presto compilation completed successfully.
1
#RST_SYNC
analyze -format $file_format RST_Sync.v
Running PRESTO HDLC
Compiling source file /home/IC/Labs/FINAL_SYSTEM/RTL/RST_SYNC/RST_Sync.v
Presto compilation completed successfully.
1
#SYS_CONTROLLER
analyze -format sverilog     SYS_CTRL.sv
Running PRESTO HDLC
Compiling source file /home/IC/Labs/FINAL_SYSTEM/RTL/SYS_CTRL/SYS_CTRL.sv
Presto compilation completed successfully.
1
#UART_RX
analyze -format $file_format data_sampling.v
Running PRESTO HDLC
Compiling source file /home/IC/Labs/FINAL_SYSTEM/RTL/UART/UART_RX/data_sampling.v
Presto compilation completed successfully.
1
analyze -format $file_format deserializer.v
Running PRESTO HDLC
Compiling source file /home/IC/Labs/FINAL_SYSTEM/RTL/UART/UART_RX/deserializer.v
Presto compilation completed successfully.
1
analyze -format $file_format edge_bit_counter.v
Running PRESTO HDLC
Compiling source file /home/IC/Labs/FINAL_SYSTEM/RTL/UART/UART_RX/edge_bit_counter.v
Presto compilation completed successfully.
1
analyze -format sverilog     FSM_RX.sv
Running PRESTO HDLC
Compiling source file /home/IC/Labs/FINAL_SYSTEM/RTL/UART/UART_RX/FSM_RX.sv
Presto compilation completed successfully.
1
analyze -format $file_format parity_check.v
Running PRESTO HDLC
Compiling source file /home/IC/Labs/FINAL_SYSTEM/RTL/UART/UART_RX/parity_check.v
Presto compilation completed successfully.
1
analyze -format $file_format start_check.v
Running PRESTO HDLC
Compiling source file /home/IC/Labs/FINAL_SYSTEM/RTL/UART/UART_RX/start_check.v
Presto compilation completed successfully.
1
analyze -format $file_format stop_check.v
Running PRESTO HDLC
Compiling source file /home/IC/Labs/FINAL_SYSTEM/RTL/UART/UART_RX/stop_check.v
Presto compilation completed successfully.
1
analyze -format $file_format UART_RX.v
Running PRESTO HDLC
Compiling source file /home/IC/Labs/FINAL_SYSTEM/RTL/UART/UART_RX/UART_RX.v
Presto compilation completed successfully.
1
#UART_TX
analyze -format sverilog     FSM.sv
Running PRESTO HDLC
Compiling source file /home/IC/Labs/FINAL_SYSTEM/RTL/UART/UART_TX/FSM.sv
Presto compilation completed successfully.
1
analyze -format $file_format MUX.v
Running PRESTO HDLC
Compiling source file /home/IC/Labs/FINAL_SYSTEM/RTL/UART/UART_TX/MUX.v
Presto compilation completed successfully.
1
analyze -format $file_format parity_checker.v
Running PRESTO HDLC
Compiling source file /home/IC/Labs/FINAL_SYSTEM/RTL/UART/UART_TX/parity_checker.v
Presto compilation completed successfully.
1
analyze -format $file_format Serializer.v
Running PRESTO HDLC
Compiling source file /home/IC/Labs/FINAL_SYSTEM/RTL/UART/UART_TX/Serializer.v
Presto compilation completed successfully.
1
analyze -format $file_format UART_TX.v
Running PRESTO HDLC
Compiling source file /home/IC/Labs/FINAL_SYSTEM/RTL/UART/UART_TX/UART_TX.v
Presto compilation completed successfully.
1
#SYS_TOP
analyze -format $file_format SYS_TOP.v
Running PRESTO HDLC
Compiling source file /home/IC/Labs/FINAL_SYSTEM/RTL/Top/SYS_TOP.v
Presto compilation completed successfully.
1
#UART_TOP
analyze -format $file_format UART_TOP.v
Running PRESTO HDLC
Compiling source file /home/IC/Labs/FINAL_SYSTEM/RTL/UART/UART_TOP/UART_TOP.v
Presto compilation completed successfully.
1
#MUX2x1
analyze -format $file_format mux2X1.v
Running PRESTO HDLC
Compiling source file /home/IC/Labs/FINAL_SYSTEM/RTL/Top/mux2X1.v
Presto compilation completed successfully.
1
#MREPLACEMENT 
analyze -format $file_format DATA_SYNC.v
Running PRESTO HDLC
Compiling source file /home/IC/Labs/FINAL_SYSTEM/RTL/DATA_SYNC/DATA_SYNC.v
Presto compilation completed successfully.
1
analyze -format $file_format RST_SYNC.v
Running PRESTO HDLC
Compiling source file /home/IC/Labs/FINAL_SYSTEM/RTL/RST_SYNC/RST_SYNC.v
Presto compilation completed successfully.
1
elaborate -lib WORK SYS_TOP
Loading db file '/opt/Synopsys/Synplify2015/libraries/syn/gtech.db'
Loading db file '/opt/Synopsys/Synplify2015/libraries/syn/standard.sldb'
  Loading link library 'scmetro_tsmc_cl013g_rvt_ss_1p08v_125c'
  Loading link library 'scmetro_tsmc_cl013g_rvt_tt_1p2v_25c'
  Loading link library 'scmetro_tsmc_cl013g_rvt_ff_1p32v_m40c'
  Loading link library 'gtech'
Running PRESTO HDLC
Presto compilation completed successfully.
Elaborated 1 design.
Current design is now 'SYS_TOP'.
Information: Building the design 'RST_Sync' instantiated from design 'SYS_TOP' with
	the parameters "NUM_STAGES=2". (HDL-193)
Warning:  /home/IC/Labs/FINAL_SYSTEM/RTL/RST_SYNC/RST_Sync.v:20: signed to unsigned conversion occurs. (VER-318)

Inferred memory devices in process
	in routine RST_Sync_NUM_STAGES2 line 5 in file
		'/home/IC/Labs/FINAL_SYSTEM/RTL/RST_SYNC/RST_Sync.v'.
===============================================================================
|    Register Name    |   Type    | Width | Bus | MB | AR | AS | SR | SS | ST |
===============================================================================
|      chain_reg      | Flip-flop |   1   |  N  | N  | Y  | N  | N  | N  | N  |
|    SYNC_RST_reg     | Flip-flop |   1   |  N  | N  | Y  | N  | N  | N  | N  |
===============================================================================
Presto compilation completed successfully.
Information: Building the design 'Data_Sync' instantiated from design 'SYS_TOP' with
	the parameters "NUM_STAGES=2,BUS_WIDTH=8". (HDL-193)
Warning:  /home/IC/Labs/FINAL_SYSTEM/RTL/DATA_SYNC/Data_Sync.v:31: signed to unsigned conversion occurs. (VER-318)

Inferred memory devices in process
	in routine Data_Sync_NUM_STAGES2_BUS_WIDTH8 line 14 in file
		'/home/IC/Labs/FINAL_SYSTEM/RTL/DATA_SYNC/Data_Sync.v'.
===============================================================================
|    Register Name    |   Type    | Width | Bus | MB | AR | AS | SR | SS | ST |
===============================================================================
|      chain_reg      | Flip-flop |   2   |  Y  | N  | Y  | N  | N  | N  | N  |
|      final_reg      | Flip-flop |   1   |  N  | N  | Y  | N  | N  | N  | N  |
|  enable_pulse_reg   | Flip-flop |   1   |  N  | N  | Y  | N  | N  | N  | N  |
|    sync_bus_reg     | Flip-flop |   8   |  Y  | N  | Y  | N  | N  | N  | N  |
===============================================================================
Presto compilation completed successfully.
Information: Building the design 'fifo_top' instantiated from design 'SYS_TOP' with
	the parameters "width=8". (HDL-193)
Presto compilation completed successfully.
Information: Building the design 'PULSE_GEN'. (HDL-193)

Inferred memory devices in process
	in routine PULSE_GEN line 19 in file
		'/home/IC/Labs/FINAL_SYSTEM/RTL/PULSE_GEN/PULSE_GEN.v'.
===============================================================================
|    Register Name    |   Type    | Width | Bus | MB | AR | AS | SR | SS | ST |
===============================================================================
|    rcv_flop_reg     | Flip-flop |   1   |  N  | N  | Y  | N  | N  | N  | N  |
|    pls_flop_reg     | Flip-flop |   1   |  N  | N  | Y  | N  | N  | N  | N  |
===============================================================================
Presto compilation completed successfully.
Information: Building the design 'ClkDiv'. (HDL-193)

Inferred memory devices in process
	in routine ClkDiv line 27 in file
		'/home/IC/Labs/FINAL_SYSTEM/RTL/Clock_Divider/ClkDiv.v'.
===============================================================================
|    Register Name    |   Type    | Width | Bus | MB | AR | AS | SR | SS | ST |
===============================================================================
|  odd_edge_tog_reg   | Flip-flop |   1   |  N  | N  | N  | Y  | N  | N  | N  |
|     div_clk_reg     | Flip-flop |   1   |  N  | N  | Y  | N  | N  | N  | N  |
|      count_reg      | Flip-flop |   7   |  Y  | N  | Y  | N  | N  | N  | N  |
===============================================================================
Presto compilation completed successfully.
Information: Building the design 'CLKDIV_MUX'. (HDL-193)

Statistics for case statements in always block at line 8 in file
	'/home/IC/Labs/FINAL_SYSTEM/RTL/CLKDIV_MUX/CLKDIV_MUX.v'
===============================================
|           Line           |  full/ parallel  |
===============================================
|            10            |    auto/auto     |
===============================================
Presto compilation completed successfully.
Information: Building the design 'UART_TOP'. (HDL-193)
Presto compilation completed successfully.
Information: Building the design 'SYS_CTRL'. (HDL-193)

Statistics for case statements in always block at line 42 in file
	'/home/IC/Labs/FINAL_SYSTEM/RTL/SYS_CTRL/SYS_CTRL.sv'
===============================================
|           Line           |  full/ parallel  |
===============================================
|            44            |    auto/auto     |
===============================================

Inferred memory devices in process
	in routine SYS_CTRL line 34 in file
		'/home/IC/Labs/FINAL_SYSTEM/RTL/SYS_CTRL/SYS_CTRL.sv'.
===============================================================================
|    Register Name    |   Type    | Width | Bus | MB | AR | AS | SR | SS | ST |
===============================================================================
|     current_reg     | Flip-flop |   4   |  Y  | N  | Y  | N  | N  | N  | N  |
===============================================================================

Inferred memory devices in process
	in routine SYS_CTRL line 428 in file
		'/home/IC/Labs/FINAL_SYSTEM/RTL/SYS_CTRL/SYS_CTRL.sv'.
================================================================================
|    Register Name     |   Type    | Width | Bus | MB | AR | AS | SR | SS | ST |
================================================================================
| Address_REG_FILE_reg | Flip-flop |   4   |  Y  | N  | Y  | N  | N  | N  | N  |
================================================================================
Presto compilation completed successfully.
Information: Building the design 'RAM'. (HDL-193)

Inferred memory devices in process
	in routine RAM line 25 in file
		'/home/IC/Labs/FINAL_SYSTEM/RTL/RegFile/RAM.v'.
===============================================================================
|    Register Name    |   Type    | Width | Bus | MB | AR | AS | SR | SS | ST |
===============================================================================
|    Reg_File_reg     | Flip-flop |  126  |  Y  | N  | Y  | N  | N  | N  | N  |
|    Reg_File_reg     | Flip-flop |   2   |  Y  | N  | N  | Y  | N  | N  | N  |
|     RdData_reg      | Flip-flop |   8   |  Y  | N  | Y  | N  | N  | N  | N  |
|  RdData_Valid_reg   | Flip-flop |   1   |  N  | N  | Y  | N  | N  | N  | N  |
===============================================================================
Statistics for MUX_OPs
===========================================================
| block name/line  | Inputs | Outputs | # sel inputs | MB |
===========================================================
|      RAM/59      |   16   |    8    |      4       | N  |
===========================================================
Presto compilation completed successfully.
Information: Building the design 'ALU_16_bit' instantiated from design 'SYS_TOP' with
	the parameters "OPERAND_WIDTH=8,OPCODE_WIDTH=4,RESULT_WIDTH=16". (HDL-193)
Warning:  /home/IC/Labs/FINAL_SYSTEM/RTL/ALU/ALU_16_bit.v:44: signed to unsigned assignment occurs. (VER-318)
Warning:  /home/IC/Labs/FINAL_SYSTEM/RTL/ALU/ALU_16_bit.v:46: signed to unsigned assignment occurs. (VER-318)
Warning:  /home/IC/Labs/FINAL_SYSTEM/RTL/ALU/ALU_16_bit.v:48: signed to unsigned assignment occurs. (VER-318)

Statistics for case statements in always block at line 12 in file
	'/home/IC/Labs/FINAL_SYSTEM/RTL/ALU/ALU_16_bit.v'
===============================================
|           Line           |  full/ parallel  |
===============================================
|            20            |    auto/auto     |
===============================================

Inferred memory devices in process
	in routine ALU_16_bit_OPERAND_WIDTH8_OPCODE_WIDTH4_RESULT_WIDTH16 line 12 in file
		'/home/IC/Labs/FINAL_SYSTEM/RTL/ALU/ALU_16_bit.v'.
===============================================================================
|    Register Name    |   Type    | Width | Bus | MB | AR | AS | SR | SS | ST |
===============================================================================
|    OUT_VALID_reg    | Flip-flop |   1   |  N  | N  | Y  | N  | N  | N  | N  |
|     ALU_OUT_reg     | Flip-flop |  16   |  Y  | N  | Y  | N  | N  | N  | N  |
===============================================================================
Presto compilation completed successfully.
Information: Building the design 'CLK_GATING'. (HDL-193)
Presto compilation completed successfully.
Information: Building the design 'fifo_wptr_full'. (HDL-193)

Inferred memory devices in process
	in routine fifo_wptr_full line 11 in file
		'/home/IC/Labs/FINAL_SYSTEM/RTL/ASYNC_FIFO/fifo_wptr_full.v'.
===============================================================================
|    Register Name    |   Type    | Width | Bus | MB | AR | AS | SR | SS | ST |
===============================================================================
|    internal_reg     | Flip-flop |   4   |  Y  | N  | Y  | N  | N  | N  | N  |
===============================================================================
Presto compilation completed successfully.
Information: Building the design 'data_sync_fifo'. (HDL-193)

Inferred memory devices in process
	in routine data_sync_fifo line 6 in file
		'/home/IC/Labs/FINAL_SYSTEM/RTL/ASYNC_FIFO/data_sync_fifo.v'.
===============================================================================
|    Register Name    |   Type    | Width | Bus | MB | AR | AS | SR | SS | ST |
===============================================================================
|    stage_one_reg    | Flip-flop |   4   |  Y  | N  | Y  | N  | N  | N  | N  |
|       out_reg       | Flip-flop |   4   |  Y  | N  | Y  | N  | N  | N  | N  |
===============================================================================
Presto compilation completed successfully.
Information: Building the design 'fifo_rptr_empty'. (HDL-193)

Inferred memory devices in process
	in routine fifo_rptr_empty line 11 in file
		'/home/IC/Labs/FINAL_SYSTEM/RTL/ASYNC_FIFO/fifo_rptr_empty.v'.
===============================================================================
|    Register Name    |   Type    | Width | Bus | MB | AR | AS | SR | SS | ST |
===============================================================================
|    internal_reg     | Flip-flop |   4   |  Y  | N  | Y  | N  | N  | N  | N  |
===============================================================================
Presto compilation completed successfully.
Information: Building the design 'fifo_memory' instantiated from design 'fifo_top_width8' with
	the parameters "data_width=8". (HDL-193)

Inferred memory devices in process
	in routine fifo_memory_data_width8 line 8 in file
		'/home/IC/Labs/FINAL_SYSTEM/RTL/ASYNC_FIFO/fifo_memory.v'.
===============================================================================
|    Register Name    |   Type    | Width | Bus | MB | AR | AS | SR | SS | ST |
===============================================================================
|     Memory_reg      | Flip-flop |  64   |  Y  | N  | Y  | N  | N  | N  | N  |
===============================================================================
Statistics for MUX_OPs
====================================================================
|     block name/line       | Inputs | Outputs | # sel inputs | MB |
====================================================================
| fifo_memory_data_width8/5 |   8    |    8    |      3       | N  |
====================================================================
Presto compilation completed successfully.
Information: Building the design 'UART_RX'. (HDL-193)
Presto compilation completed successfully.
Information: Building the design 'UART_TX'. (HDL-193)
Presto compilation completed successfully.
Information: Building the design 'start_check'. (HDL-193)

Inferred memory devices in process
	in routine start_check line 4 in file
		'/home/IC/Labs/FINAL_SYSTEM/RTL/UART/UART_RX/start_check.v'.
===============================================================================
|    Register Name    |   Type    | Width | Bus | MB | AR | AS | SR | SS | ST |
===============================================================================
|  start_glitch_reg   | Flip-flop |   1   |  N  | N  | Y  | N  | N  | N  | N  |
===============================================================================
Presto compilation completed successfully.
Information: Building the design 'stop_check'. (HDL-193)

Inferred memory devices in process
	in routine stop_check line 4 in file
		'/home/IC/Labs/FINAL_SYSTEM/RTL/UART/UART_RX/stop_check.v'.
===============================================================================
|    Register Name    |   Type    | Width | Bus | MB | AR | AS | SR | SS | ST |
===============================================================================
|   stop_error_reg    | Flip-flop |   1   |  N  | N  | Y  | N  | N  | N  | N  |
===============================================================================
Presto compilation completed successfully.
Information: Building the design 'FSM_RX'. (HDL-193)

Statistics for case statements in always block at line 29 in file
	'/home/IC/Labs/FINAL_SYSTEM/RTL/UART/UART_RX/FSM_RX.sv'
===============================================
|           Line           |  full/ parallel  |
===============================================
|            31            |    auto/auto     |
===============================================

Inferred memory devices in process
	in routine FSM_RX line 18 in file
		'/home/IC/Labs/FINAL_SYSTEM/RTL/UART/UART_RX/FSM_RX.sv'.
===============================================================================
|    Register Name    |   Type    | Width | Bus | MB | AR | AS | SR | SS | ST |
===============================================================================
|  current_state_reg  | Flip-flop |   3   |  Y  | N  | Y  | N  | N  | N  | N  |
===============================================================================
Presto compilation completed successfully.
Information: Building the design 'edge_bit_counter'. (HDL-193)

Inferred memory devices in process
	in routine edge_bit_counter line 5 in file
		'/home/IC/Labs/FINAL_SYSTEM/RTL/UART/UART_RX/edge_bit_counter.v'.
===============================================================================
|    Register Name    |   Type    | Width | Bus | MB | AR | AS | SR | SS | ST |
===============================================================================
|   edge_count_reg    | Flip-flop |   5   |  Y  | N  | Y  | N  | N  | N  | N  |
|    bit_count_reg    | Flip-flop |   4   |  Y  | N  | Y  | N  | N  | N  | N  |
===============================================================================
Presto compilation completed successfully.
Information: Building the design 'data_sampling'. (HDL-193)

Inferred memory devices in process
	in routine data_sampling line 6 in file
		'/home/IC/Labs/FINAL_SYSTEM/RTL/UART/UART_RX/data_sampling.v'.
===============================================================================
|    Register Name    |   Type    | Width | Bus | MB | AR | AS | SR | SS | ST |
===============================================================================
|     sampled_reg     | Flip-flop |   3   |  Y  | N  | Y  | N  | N  | N  | N  |
===============================================================================
Presto compilation completed successfully.
Information: Building the design 'deserializer'. (HDL-193)

Inferred memory devices in process
	in routine deserializer line 6 in file
		'/home/IC/Labs/FINAL_SYSTEM/RTL/UART/UART_RX/deserializer.v'.
===============================================================================
|    Register Name    |   Type    | Width | Bus | MB | AR | AS | SR | SS | ST |
===============================================================================
|       bit_reg       | Flip-flop |   3   |  Y  | N  | Y  | N  | N  | N  | N  |
|     P_DATA_reg      | Flip-flop |   8   |  Y  | N  | Y  | N  | N  | N  | N  |
===============================================================================
Presto compilation completed successfully.
Information: Building the design 'parity_check'. (HDL-193)

Inferred memory devices in process
	in routine parity_check line 5 in file
		'/home/IC/Labs/FINAL_SYSTEM/RTL/UART/UART_RX/parity_check.v'.
===============================================================================
|    Register Name    |   Type    | Width | Bus | MB | AR | AS | SR | SS | ST |
===============================================================================
|    par_error_reg    | Flip-flop |   1   |  N  | N  | Y  | N  | N  | N  | N  |
===============================================================================
Presto compilation completed successfully.
Information: Building the design 'FSM'. (HDL-193)

Statistics for case statements in always block at line 21 in file
	'/home/IC/Labs/FINAL_SYSTEM/RTL/UART/UART_TX/FSM.sv'
===============================================
|           Line           |  full/ parallel  |
===============================================
|            23            |    auto/auto     |
===============================================

Inferred memory devices in process
	in routine FSM line 13 in file
		'/home/IC/Labs/FINAL_SYSTEM/RTL/UART/UART_TX/FSM.sv'.
===============================================================================
|    Register Name    |   Type    | Width | Bus | MB | AR | AS | SR | SS | ST |
===============================================================================
|  current_state_reg  | Flip-flop |   3   |  Y  | N  | Y  | N  | N  | N  | N  |
===============================================================================
Presto compilation completed successfully.
Information: Building the design 'Serializer'. (HDL-193)

Inferred memory devices in process
	in routine Serializer line 5 in file
		'/home/IC/Labs/FINAL_SYSTEM/RTL/UART/UART_TX/Serializer.v'.
===============================================================================
|    Register Name    |   Type    | Width | Bus | MB | AR | AS | SR | SS | ST |
===============================================================================
|    Ser_data_reg     | Flip-flop |   1   |  N  | N  | N  | N  | N  | N  | N  |
|    internal_reg     | Flip-flop |   8   |  Y  | N  | Y  | N  | N  | N  | N  |
|    Ser_done_reg     | Flip-flop |   1   |  N  | N  | Y  | N  | N  | N  | N  |
|     counter_reg     | Flip-flop |   3   |  Y  | N  | Y  | N  | N  | N  | N  |
===============================================================================
Statistics for MUX_OPs
===========================================================
| block name/line  | Inputs | Outputs | # sel inputs | MB |
===========================================================
|  Serializer/20   |   8    |    1    |      3       | N  |
===========================================================
Presto compilation completed successfully.
Information: Building the design 'parity_checker'. (HDL-193)

Inferred memory devices in process
	in routine parity_checker line 3 in file
		'/home/IC/Labs/FINAL_SYSTEM/RTL/UART/UART_TX/parity_checker.v'.
===============================================================================
|    Register Name    |   Type    | Width | Bus | MB | AR | AS | SR | SS | ST |
===============================================================================
|     parity_reg      | Flip-flop |   1   |  N  | N  | Y  | N  | N  | N  | N  |
===============================================================================
Presto compilation completed successfully.
Information: Building the design 'MUX'. (HDL-193)

Statistics for case statements in always block at line 3 in file
	'/home/IC/Labs/FINAL_SYSTEM/RTL/UART/UART_TX/MUX.v'
===============================================
|           Line           |  full/ parallel  |
===============================================
|            5             |    auto/auto     |
===============================================

Inferred memory devices in process
	in routine MUX line 13 in file
		'/home/IC/Labs/FINAL_SYSTEM/RTL/UART/UART_TX/MUX.v'.
===============================================================================
|    Register Name    |   Type    | Width | Bus | MB | AR | AS | SR | SS | ST |
===============================================================================
|     TX_OUT_reg      | Flip-flop |   1   |  N  | N  | N  | Y  | N  | N  | N  |
===============================================================================
Presto compilation completed successfully.
1
###################### Defining toplevel ###################################
current_design $top_module
Current design is 'SYS_TOP'.
{SYS_TOP}
#################### Liniking All The Design Parts #########################
puts "###############################################"
###############################################
puts "######## Liniking All The Design Parts ########"
######## Liniking All The Design Parts ########
puts "###############################################"
###############################################
link 

  Linking design 'SYS_TOP'
  Using the following designs and libraries:
  --------------------------------------------------------------------------
  * (29 designs)              /home/IC/Labs/FINAL_SYSTEM/Synthesis/SYS_TOP.db, etc
  scmetro_tsmc_cl013g_rvt_ss_1p08v_125c (library) /home/IC/tsmc_fb_cl013g_sc/aci/sc-m/synopsys/scmetro_tsmc_cl013g_rvt_ss_1p08v_125c.db
  scmetro_tsmc_cl013g_rvt_tt_1p2v_25c (library) /home/IC/tsmc_fb_cl013g_sc/aci/sc-m/synopsys/scmetro_tsmc_cl013g_rvt_tt_1p2v_25c.db
  scmetro_tsmc_cl013g_rvt_ff_1p32v_m40c (library) /home/IC/tsmc_fb_cl013g_sc/aci/sc-m/synopsys/scmetro_tsmc_cl013g_rvt_ff_1p32v_m40c.db

1
#################### Liniking All The Design Parts #########################
puts "###############################################"
###############################################
puts "######## checking design consistency ##########"
######## checking design consistency ##########
puts "###############################################"
###############################################
check_design >> reports/check_design.rpt
#################### Define Design Constraints #########################
puts "###############################################"
###############################################
puts "############ Design Constraints #### ##########"
############ Design Constraints #### ##########
puts "###############################################"
###############################################
source -echo ./cons.tcl
####################################################################################
# Constraints
# ----------------------------------------------------------------------------
#
# 0. Design Compiler variables
#
# 1. Master Clock Definitions
#
# 2. Generated Clock Definitions
#
# 3. Clock Uncertainties
#
# 4. Clock Latencies 
#
# 5. Clock Relationships
#
# 6. set input/output delay on ports
#
# 7. Driving cells
#
# 8. Output load
####################################################################################
#########################################################
#### Section 0 : DC Variables ####
#########################################################
#################################################################################### 
# Prevent assign statements in the generated netlist (must be applied before compile command)
set verilogout_no_tri true
set_fix_multiple_port_nets -all -buffer_constants -feedthroughs
####################################################################################
#########################################################
#### Section 1 : Clock Definition ####
#########################################################
#################################################################################### 
# 1. Master Clock Definitions 
# 2. Generated Clock Definitions
# 3. Clock Latencies
# 4. Clock Uncertainties
# 4. Clock Transitions
####################################################################################
#################################################################################### 
# 1. Master Clock Definitions 
#################################################################################### 
set CLK_SETUP_SKEW 0.2
set CLK_HOLD_SKEW 0.1
set CLK_RISE 0.1
set CLK_FALL 0.1
set REF_CLK_PER 20
set UART_CLK_PER 271.26736
create_clock -name UART_DOMAIN -period $UART_CLK_PER -waveform "0 [expr $UART_CLK_PER/2]" [get_ports UART_CLK]
set_clock_uncertainty -setup $CLK_SETUP_SKEW [get_clocks UART_DOMAIN]
set_clock_uncertainty -hold $CLK_HOLD_SKEW  [get_clocks UART_DOMAIN]
set_clock_transition -rise $CLK_RISE  [get_clocks UART_DOMAIN]
set_clock_transition -fall $CLK_FALL  [get_clocks UART_DOMAIN]
create_clock -name REF_DOMAIN -period $REF_CLK_PER -waveform "0 [expr $REF_CLK_PER/2]" [get_ports REF_CLK]
set_clock_uncertainty -setup $CLK_SETUP_SKEW [get_clocks REF_DOMAIN]
set_clock_uncertainty -hold $CLK_HOLD_SKEW  [get_clocks REF_DOMAIN]
set_clock_transition -rise $CLK_RISE  [get_clocks REF_DOMAIN]
set_clock_transition -fall $CLK_FALL  [get_clocks REF_DOMAIN]
set_dont_touch_network [get_clocks {UART_DOMAIN REF_DOMAIN}]
#################################################################################### 
# 2. Generated Clock Definitions
#################################################################################### 
create_generated_clock -master_clock UART_DOMAIN  -source [get_ports UART_CLK] -name "TX_CLK"      -divide_by 32 [get_port TX_CLK_DIV/o_div_clk]
create_generated_clock -master_clock UART_DOMAIN  -source [get_ports UART_CLK] -name "RX_CLK"      -divide_by 1 [get_port RX_CLK_DIV/o_div_clk]
create_generated_clock -master_clock REF_DOMAIN   -source [get_ports REF_CLK]  -name "Gated_Clock" -divide_by 1 [get_port ALU_GATING_CLK/GATED_CLK]
#################################################################################### 
# 3. Clock Latencies
#################################################################################### 
#################################################################################### 
# 4. Clock Uncertainties
#################################################################################### 
set_clock_uncertainty -setup $CLK_SETUP_SKEW [get_clocks TX_CLK]
set_clock_uncertainty -hold $CLK_HOLD_SKEW   [get_clocks TX_CLK]
set_clock_uncertainty -setup $CLK_SETUP_SKEW [get_clocks RX_CLK]
set_clock_uncertainty -hold $CLK_HOLD_SKEW   [get_clocks RX_CLK]
set_clock_uncertainty -setup $CLK_SETUP_SKEW [get_clocks Gated_Clock]
set_clock_uncertainty -hold $CLK_HOLD_SKEW   [get_clocks Gated_Clock]
#################################################################################### 
# 4. Clock Transitions 
#################################################################################### 
set_clock_transition -rise $CLK_RISE  [get_clocks TX_CLK]
set_clock_transition -fall $CLK_FALL  [get_clocks TX_CLK]
set_clock_transition -rise $CLK_RISE  [get_clocks RX_CLK]
set_clock_transition -fall $CLK_FALL  [get_clocks RX_CLK]
set_clock_transition -rise $CLK_RISE  [get_clocks Gated_Clock]
set_clock_transition -fall $CLK_FALL  [get_clocks Gated_Clock]
####################################################################################
#########################################################
#### Section 2 : Clocks Relationship ####
#########################################################
####################################################################################
set_clock_groups -asynchronous -group [get_clocks "UART_DOMAIN TX_CLK RX_CLK"] -group [get_clocks "REF_DOMAIN Gated_Clock"]
#set_false_path -from REF_DOMAIN    -to UART_DOMAIN
set_dont_touch_network [get_ports  REF_CLK]
set_dont_touch_network [get_ports  UART_CLK]
####################################################################################
#########################################################
#### Section 3 : set input/output delay on ports ####
#########################################################
####################################################################################
set in_delay  [expr 0.2*$UART_CLK_PER]
set out_delay [expr 0.2*$UART_CLK_PER]
#Constrain Input Paths
set_input_delay $in_delay -clock RX_CLK [get_ports UART_RX_IN]
#Constrain Output Paths
set_output_delay $out_delay -clock TX_CLK      [get_ports UART_TX_O]
set_output_delay $out_delay -clock TX_CLK      [get_ports parity_error]
set_output_delay $out_delay -clock TX_CLK      [get_ports framing_error]
####################################################################################
#########################################################
#### Section 4 : Driving cells ####
#########################################################
####################################################################################
set_driving_cell -library scmetro_tsmc_cl013g_rvt_ss_1p08v_125c -lib_cell BUFX2M -pin Y [get_port UART_RX_IN]
Warning: Design rule attributes from the driving cell will be
	set on the port. (UID-401)
set_driving_cell -library scmetro_tsmc_cl013g_rvt_ss_1p08v_125c -lib_cell BUFX2M -pin Y [get_port REF_CLK]
Warning: Design rule attributes from the driving cell will be
	set on the port. (UID-401)
set_driving_cell -library scmetro_tsmc_cl013g_rvt_ss_1p08v_125c -lib_cell BUFX2M -pin Y [get_port UART_CLK]
Warning: Design rule attributes from the driving cell will be
	set on the port. (UID-401)
set_driving_cell -library scmetro_tsmc_cl013g_rvt_ss_1p08v_125c -lib_cell BUFX2M -pin Y [get_port RST_N]
Warning: Design rule attributes from the driving cell will be
	set on the port. (UID-401)
####################################################################################
#########################################################
#### Section 5 : Output load ####
#########################################################
####################################################################################
set_load 0.5 [get_ports UART_TX_O]
set_load 0.5 [get_ports parity_error]
set_load 0.5 [get_ports framing_error]
####################################################################################
#########################################################
#### Section 6 : Operating Condition ####
#########################################################
####################################################################################
# Define the Worst Library for Max(#setup) analysis
# Define the Best Library for Min(hold) analysis
set_operating_conditions -min_library "scmetro_tsmc_cl013g_rvt_ff_1p32v_m40c"  -min "scmetro_tsmc_cl013g_rvt_ff_1p32v_m40c"  -max_library "scmetro_tsmc_cl013g_rvt_ss_1p08v_125c"  -max "scmetro_tsmc_cl013g_rvt_ss_1p08v_125c"
Using operating conditions 'scmetro_tsmc_cl013g_rvt_ss_1p08v_125c' found in library 'scmetro_tsmc_cl013g_rvt_ss_1p08v_125c'.
Using operating conditions 'scmetro_tsmc_cl013g_rvt_ff_1p32v_m40c' found in library 'scmetro_tsmc_cl013g_rvt_ff_1p32v_m40c'.
####################################################################################
#########################################################
#### Section 7 : wireload Model ####
#########################################################
####################################################################################
#set_wire_load_model -name "tsmc13_wl10"
####################################################################################
#########################################################
#### Section 8 : set_case_analysis ####
#########################################################
####################################################################################
####################################################################################
###################### Mapping and optimization ########################
puts "###############################################"
###############################################
puts "########## Mapping & Optimization #############"
########## Mapping & Optimization #############
puts "###############################################"
###############################################
compile 
Information: Evaluating DesignWare library utilization. (UISN-27)

============================================================================
| DesignWare Building Block Library  |         Version         | Available |
============================================================================
| Basic DW Building Blocks           | K-2015.06-DWBB_201506.0 |     *     |
| Licensed DW Building Blocks        |                         |           |
============================================================================


Information: There are 30 potential problems in your design. Please run 'check_design' for more information. (LINT-99)


Warning: Operating condition scmetro_tsmc_cl013g_rvt_ss_1p08v_125c set on design SYS_TOP has different process,
voltage and temperatures parameters than the parameters at which target library 
scmetro_tsmc_cl013g_rvt_tt_1p2v_25c is characterized. Delays may be inaccurate as a result. (OPT-998)

  Beginning Pass 1 Mapping
  ------------------------
  Processing 'CLK_GATING'
  Processing 'ALU_16_bit_OPERAND_WIDTH8_OPCODE_WIDTH4_RESULT_WIDTH16'
  Processing 'RAM'
  Processing 'SYS_CTRL'
  Processing 'MUX'
  Processing 'parity_checker'
  Processing 'Serializer'
  Processing 'FSM'
  Processing 'UART_TX'
  Processing 'parity_check'
  Processing 'deserializer'
  Processing 'data_sampling'
  Processing 'edge_bit_counter'
  Processing 'FSM_RX'
  Processing 'stop_check'
  Processing 'start_check'
  Processing 'UART_RX'
  Processing 'UART_TOP'
  Processing 'ClkDiv_0'
  Processing 'CLKDIV_MUX'
  Processing 'PULSE_GEN'
  Processing 'fifo_memory_data_width8'
  Processing 'data_sync_fifo_0'
  Processing 'fifo_rptr_empty'
  Processing 'fifo_wptr_full'
  Processing 'fifo_top_width8'
  Processing 'Data_Sync_NUM_STAGES2_BUS_WIDTH8'
  Processing 'RST_Sync_NUM_STAGES2_0'
  Processing 'SYS_TOP'

  Updating timing information
Information: Updating design information... (UID-85)

  Beginning Implementation Selection
  ----------------------------------
  Processing 'ALU_16_bit_OPERAND_WIDTH8_OPCODE_WIDTH4_RESULT_WIDTH16_DW_div_uns_0'
  Processing 'ALU_16_bit_OPERAND_WIDTH8_OPCODE_WIDTH4_RESULT_WIDTH16_DW01_sub_0'
  Processing 'ALU_16_bit_OPERAND_WIDTH8_OPCODE_WIDTH4_RESULT_WIDTH16_DW01_add_0'
  Processing 'ALU_16_bit_OPERAND_WIDTH8_OPCODE_WIDTH4_RESULT_WIDTH16_DW01_cmp6_0'
  Processing 'data_sampling_DW01_cmp6_0'
  Processing 'data_sampling_DW01_add_0'
  Processing 'data_sampling_DW01_cmp6_1'
  Processing 'data_sampling_DW01_add_1'
  Processing 'data_sampling_DW01_cmp6_2'
  Processing 'data_sampling_DW01_inc_0'
  Processing 'data_sampling_DW01_cmp6_3'
  Processing 'data_sampling_DW01_cmp6_4'
  Processing 'data_sampling_DW01_dec_0'
  Processing 'edge_bit_counter_DW01_inc_0'
  Processing 'edge_bit_counter_DW01_cmp2_0'
  Processing 'edge_bit_counter_DW01_dec_0'
  Processing 'FSM_RX_DW01_cmp6_0'
  Processing 'FSM_RX_DW01_dec_0'
  Processing 'FSM_RX_DW01_cmp6_1'
  Processing 'FSM_RX_DW01_add_0'
  Processing 'FSM_RX_DW01_cmp6_2'
  Processing 'FSM_RX_DW01_add_1'
  Processing 'FSM_RX_DW01_cmp6_3'
  Processing 'FSM_RX_DW01_add_2'
  Processing 'FSM_RX_DW01_cmp2_0'
  Processing 'FSM_RX_DW01_inc_0'
  Processing 'FSM_RX_DW01_cmp2_1'
  Processing 'FSM_RX_DW01_dec_1'
  Processing 'ClkDiv_1_DW01_inc_0'
  Processing 'ClkDiv_1_DW01_cmp6_0'
  Processing 'ClkDiv_1_DW01_cmp6_1'
  Processing 'ClkDiv_1_DW01_dec_0'
  Processing 'ClkDiv_0_DW01_inc_0'
  Processing 'ClkDiv_0_DW01_cmp6_0'
  Processing 'ClkDiv_0_DW01_cmp6_1'
  Processing 'ClkDiv_0_DW01_dec_0'
  Processing 'ALU_16_bit_OPERAND_WIDTH8_OPCODE_WIDTH4_RESULT_WIDTH16_DW02_mult_0'
  Processing 'ALU_16_bit_OPERAND_WIDTH8_OPCODE_WIDTH4_RESULT_WIDTH16_DW01_add_1'

  Beginning Mapping Optimizations  (Medium effort)
  -------------------------------
  Mapping Optimization (Phase 1)

                                  TOTAL                                      
   ELAPSED            WORST NEG   SETUP    DESIGN                            
    TIME      AREA      SLACK     COST    RULE COST         ENDPOINT         
  --------- --------- --------- --------- --------- -------------------------
    0:00:04   47121.0      0.00       0.0       4.1                          
    0:00:04   47121.0      0.00       0.0       4.1                          
    0:00:04   47121.0      0.00       0.0       4.1                          
    0:00:04   47121.0      0.00       0.0       4.1                          
    0:00:04   47121.0      0.00       0.0       4.1                          
    0:00:05   23284.5      0.00       0.0       0.0                          
    0:00:05   23231.6      0.00       0.0       0.0                          
    0:00:05   23231.6      0.00       0.0       0.0                          
    0:00:05   23231.6      0.00       0.0       0.0                          
    0:00:05   23212.8      0.00       0.0       0.0                          
    0:00:05   23212.8      0.00       0.0       0.0                          
    0:00:05   23212.8      0.00       0.0       0.0                          
    0:00:05   23212.8      0.00       0.0       0.0                          
    0:00:05   23212.8      0.00       0.0       0.0                          



  Beginning Delay Optimization Phase
  ----------------------------------

                                  TOTAL                                      
   ELAPSED            WORST NEG   SETUP    DESIGN                            
    TIME      AREA      SLACK     COST    RULE COST         ENDPOINT         
  --------- --------- --------- --------- --------- -------------------------
    0:00:05   23212.8      0.00       0.0       0.0                          
    0:00:05   23212.8      0.00       0.0       0.0                          
    0:00:06   23181.0      0.00       0.0      10.5                          


  Beginning Design Rule Fixing  (max_transition)  (max_capacitance)
  ----------------------------

                                  TOTAL                                      
   ELAPSED            WORST NEG   SETUP    DESIGN                            
    TIME      AREA      SLACK     COST    RULE COST         ENDPOINT         
  --------- --------- --------- --------- --------- -------------------------
    0:00:06   23181.0      0.00       0.0      10.5                          
    0:00:06   23210.4      0.00       0.0       0.0                          


  Beginning Area-Recovery Phase  (cleanup)
  -----------------------------

                                  TOTAL                                      
   ELAPSED            WORST NEG   SETUP    DESIGN                            
    TIME      AREA      SLACK     COST    RULE COST         ENDPOINT         
  --------- --------- --------- --------- --------- -------------------------
    0:00:06   23210.4      0.00       0.0       0.0                          
    0:00:06   23210.4      0.00       0.0       0.0                          
    0:00:06   23090.4      0.00       0.0       0.0                          
    0:00:06   23051.6      0.00       0.0       0.0                          
    0:00:06   23029.2      0.00       0.0       0.0                          
    0:00:06   23018.6      0.00       0.0       0.0                          
    0:00:06   23015.1      0.00       0.0       0.0                          
    0:00:06   23015.1      0.00       0.0       0.0                          
    0:00:06   23015.1      0.00       0.0       0.0                          
    0:00:06   23006.8      0.00       0.0       0.0                          
    0:00:06   23006.8      0.00       0.0       0.0                          
    0:00:06   23006.8      0.00       0.0       0.0                          
    0:00:06   23006.8      0.00       0.0       0.0                          
    0:00:06   23006.8      0.00       0.0       0.0                          
    0:00:06   23006.8      0.00       0.0       0.0                          
    0:00:06   23024.5      0.00       0.0       0.0                          
Loading db file '/home/IC/tsmc_fb_cl013g_sc/aci/sc-m/synopsys/scmetro_tsmc_cl013g_rvt_ss_1p08v_125c.db'
Loading db file '/home/IC/tsmc_fb_cl013g_sc/aci/sc-m/synopsys/scmetro_tsmc_cl013g_rvt_tt_1p2v_25c.db'
Loading db file '/home/IC/tsmc_fb_cl013g_sc/aci/sc-m/synopsys/scmetro_tsmc_cl013g_rvt_ff_1p32v_m40c.db'


Note: Symbol # after min delay cost means estimated hold TNS across all active scenarios 


  Optimization Complete
  ---------------------
1
##################### Close Formality Setup file ###########################
set_svf -off
1
#############################################################################
# Write out files
#############################################################################
write_file -format verilog -hierarchy -output netlists/$top_module.ddc
Writing verilog file '/home/IC/Labs/FINAL_SYSTEM/Synthesis/netlists/SYS_TOP.ddc'.
Warning: Verilog 'assign' or 'tran' statements are written out. (VO-4)
Warning: Verilog writer has added 4 nets to module SYS_TOP using SYNOPSYS_UNCONNECTED_ as prefix.  Please use the change_names command to make the correct changes before invoking the verilog writer.  (VO-11)
1
write_file -format verilog -hierarchy -output netlists/$top_module.v
Writing verilog file '/home/IC/Labs/FINAL_SYSTEM/Synthesis/netlists/SYS_TOP.v'.
Warning: Verilog 'assign' or 'tran' statements are written out. (VO-4)
Warning: Verilog writer has added 4 nets to module SYS_TOP using SYNOPSYS_UNCONNECTED_ as prefix.  Please use the change_names command to make the correct changes before invoking the verilog writer.  (VO-11)
1
write_sdf  sdf/$top_module.sdf
Information: Annotated 'cell' delays are assumed to include load delay. (UID-282)
Information: Writing timing information to file '/home/IC/Labs/FINAL_SYSTEM/Synthesis/sdf/SYS_TOP.sdf'. (WT-3)
Information: Updating design information... (UID-85)
1
write_sdc  -nosplit sdc/$top_module.sdc
1
####################### reporting ##########################################
report_area -hierarchy > reports/area.rpt
report_power -hierarchy > reports/power.rpt
report_timing -delay_type min -max_paths 20 > reports/hold.rpt
report_timing -delay_type max -max_paths 20 > reports/setup.rpt
report_clock -attributes > reports/clocks.rpt
report_constraint -all_violators -nosplit > reports/constraints.rpt
############################################################################
# DFT Preparation Section
############################################################################
set flops_per_chain 100
100
set num_flops [sizeof_collection [all_registers -edge_triggered]]
333
set num_chains [expr $num_flops / $flops_per_chain + 1 ]
4
################# starting graphical user interface #######################
# Write out Design after initial compile
#############################################################################
write_file -format verilog -hierarchy -output System_Top_netlist.v
Writing verilog file '/home/IC/Labs/FINAL_SYSTEM/Synthesis/System_Top_netlist.v'.
Warning: Verilog 'assign' or 'tran' statements are written out. (VO-4)
Warning: Verilog writer has added 4 nets to module SYS_TOP using SYNOPSYS_UNCONNECTED_ as prefix.  Please use the change_names command to make the correct changes before invoking the verilog writer.  (VO-11)
1
write_file -format ddc -hierarchy -output System_Top_netlist.ddc
Writing ddc file 'System_Top_netlist.ddc'.
1
write_sdc  -nosplit System_Top.sdc
1
write_sdf           System_Top.sdf
Information: Annotated 'cell' delays are assumed to include load delay. (UID-282)
Information: Writing timing information to file '/home/IC/Labs/FINAL_SYSTEM/Synthesis/System_Top.sdf'. (WT-3)
1
################# reporting #######################
report_area -hierarchy > area.rpt
report_power -hierarchy > power.rpt
report_timing -max_paths 100 -delay_type min > hold.rpt
report_timing -max_paths 100 -delay_type max > setup.rpt
report_clock -attributes > clocks.rpt
report_constraint -all_violators > constraints.rpt
#gui_start
#exit
dc_shell> 
Memory usage for main task 290 Mbytes.
Memory usage for this session 290 Mbytes.
CPU usage for this session 8 seconds ( 0.00 hours ).

Thank you...
