 
****************************************
check_design summary:
Version:     K-2015.06
Date:        Wed Oct 23 22:05:02 2024
****************************************

                   Name                                            Total
--------------------------------------------------------------------------------
Inputs/Outputs                                                     12
    Unconnected ports (LINT-28)                                     4
    Shorted outputs (LINT-31)                                       3
    Constant outputs (LINT-52)                                      5

Cells                                                              18
    Cells do not drive (LINT-1)                                    18

Nets                                                                1
    Unloaded nets (LINT-2)                                          1
--------------------------------------------------------------------------------

Warning: In design 'ClkDiv', cell 'C120' does not drive any nets. (LINT-1)
Warning: In design 'ALU_16_bit_OPERAND_WIDTH8_OPCODE_WIDTH4_RESULT_WIDTH16', cell 'C370' does not drive any nets. (LINT-1)
Warning: In design 'ALU_16_bit_OPERAND_WIDTH8_OPCODE_WIDTH4_RESULT_WIDTH16', cell 'C374' does not drive any nets. (LINT-1)
Warning: In design 'ALU_16_bit_OPERAND_WIDTH8_OPCODE_WIDTH4_RESULT_WIDTH16', cell 'C399' does not drive any nets. (LINT-1)
Warning: In design 'ALU_16_bit_OPERAND_WIDTH8_OPCODE_WIDTH4_RESULT_WIDTH16', cell 'C401' does not drive any nets. (LINT-1)
Warning: In design 'ALU_16_bit_OPERAND_WIDTH8_OPCODE_WIDTH4_RESULT_WIDTH16', cell 'C403' does not drive any nets. (LINT-1)
Warning: In design 'fifo_wptr_full', cell 'C75' does not drive any nets. (LINT-1)
Warning: In design 'fifo_rptr_empty', cell 'C70' does not drive any nets. (LINT-1)
Warning: In design 'FSM_RX', cell 'C523' does not drive any nets. (LINT-1)
Warning: In design 'FSM_RX', cell 'C532' does not drive any nets. (LINT-1)
Warning: In design 'FSM_RX', cell 'C539' does not drive any nets. (LINT-1)
Warning: In design 'FSM_RX', cell 'C542' does not drive any nets. (LINT-1)
Warning: In design 'edge_bit_counter', cell 'C82' does not drive any nets. (LINT-1)
Warning: In design 'edge_bit_counter', cell 'C83' does not drive any nets. (LINT-1)
Warning: In design 'edge_bit_counter', cell 'C86' does not drive any nets. (LINT-1)
Warning: In design 'data_sampling', cell 'C108' does not drive any nets. (LINT-1)
Warning: In design 'deserializer', cell 'C114' does not drive any nets. (LINT-1)
Warning: In design 'Serializer', cell 'C124' does not drive any nets. (LINT-1)
Warning: In design 'SYS_TOP_dft', net 'START_ERROR_TEMP' driven by pin 'UART/START_GLITCH' has no loads. (LINT-2)
Warning: In design 'SYS_TOP_dft', port 'SE' is not connected to any nets. (LINT-28)
Warning: In design 'SYS_TOP_dft', port 'SI' is not connected to any nets. (LINT-28)
Warning: In design 'SYS_TOP_dft', port 'SO' is not connected to any nets. (LINT-28)
Warning: In design 'data_sampling', port 'prescale[0]' is not connected to any nets. (LINT-28)
Warning: In design 'CLKDIV_MUX', output port 'OUT[7]' is connected directly to output port 'OUT[4]'. (LINT-31)
Warning: In design 'CLKDIV_MUX', output port 'OUT[7]' is connected directly to output port 'OUT[5]'. (LINT-31)
Warning: In design 'CLKDIV_MUX', output port 'OUT[7]' is connected directly to output port 'OUT[6]'. (LINT-31)
Warning: In design 'CLKDIV_MUX', output port 'OUT[7]' is connected directly to 'logic 0'. (LINT-52)
Warning: In design 'CLKDIV_MUX', output port 'OUT[6]' is connected directly to 'logic 0'. (LINT-52)
Warning: In design 'CLKDIV_MUX', output port 'OUT[5]' is connected directly to 'logic 0'. (LINT-52)
Warning: In design 'CLKDIV_MUX', output port 'OUT[4]' is connected directly to 'logic 0'. (LINT-52)
Warning: In design 'SYS_CTRL', output port 'clk_div_en' is connected directly to 'logic 1'. (LINT-52)
1
