 
****************************************
Report : area
Design : SYS_TOP
Version: K-2015.06
Date   : Wed Oct 23 21:52:22 2024
****************************************

Library(s) Used:

    scmetro_tsmc_cl013g_rvt_ss_1p08v_125c (File: /home/IC/tsmc_fb_cl013g_sc/aci/sc-m/synopsys/scmetro_tsmc_cl013g_rvt_ss_1p08v_125c.db)

Number of ports:                          763
Number of nets:                          2758
Number of cells:                         1972
Number of combinational cells:           1581
Number of sequential cells:               353
Number of macros/black boxes:               0
Number of buf/inv:                        293
Number of references:                      16

Combinational area:              14355.740254
Buf/Inv area:                     1101.391225
Noncombinational area:            8668.748791
Macro/Black Box area:                0.000000
Net Interconnect area:      undefined  (No wire load specified)

Total cell area:                 23024.489045
Total area:                 undefined

Hierarchical area distribution
------------------------------

                                  Global cell area            Local cell area
                                  -------------------  ----------------------------- 
Hierarchical cell                 Absolute    Percent  Combi-      Noncombi-  Black-
                                  Total       Total    national    national   boxes   Design
--------------------------------  ----------  -------  ----------  ---------  ------  -------------------------------------------------------------------
SYS_TOP                           23024.4890    100.0     56.4816     0.0000  0.0000  SYS_TOP
ALU                                5605.7988     24.3   1074.3271   440.0858  0.0000  ALU_16_bit_OPERAND_WIDTH8_OPCODE_WIDTH4_RESULT_WIDTH16
ALU/add_9                           231.8099      1.0    231.8099     0.0000  0.0000  ALU_16_bit_OPERAND_WIDTH8_OPCODE_WIDTH4_RESULT_WIDTH16_DW01_add_0
ALU/div_29                         1437.9274      6.2   1437.9274     0.0000  0.0000  ALU_16_bit_OPERAND_WIDTH8_OPCODE_WIDTH4_RESULT_WIDTH16_DW_div_uns_0
ALU/mult_26                        2155.7144      9.4   1914.4909     0.0000  0.0000  ALU_16_bit_OPERAND_WIDTH8_OPCODE_WIDTH4_RESULT_WIDTH16_DW02_mult_0
ALU/mult_26/FS_1                    241.2235      1.0    241.2235     0.0000  0.0000  ALU_16_bit_OPERAND_WIDTH8_OPCODE_WIDTH4_RESULT_WIDTH16_DW01_add_1
ALU/sub_10                          265.9342      1.2    265.9342     0.0000  0.0000  ALU_16_bit_OPERAND_WIDTH8_OPCODE_WIDTH4_RESULT_WIDTH16_DW01_sub_0
ALU_GATING_CLK                       27.0641      0.1      5.8835    21.1806  0.0000  CLK_GATING
CLK_DIV_N                            88.2525      0.4     88.2525     0.0000  0.0000  CLKDIV_MUX
CTRL_UNIT                           833.1036      3.6    626.0044   207.0992  0.0000  SYS_CTRL
D1                                   51.7748      0.2      0.0000    51.7748  0.0000  RST_Sync_NUM_STAGES2_0
D2                                   51.7748      0.2      0.0000    51.7748  0.0000  RST_Sync_NUM_STAGES2_1
DATA_SYNC                           395.3712      1.7     84.7224   310.6488  0.0000  Data_Sync_NUM_STAGES2_BUS_WIDTH8
FIFO                               3864.2828     16.8     14.1204     0.0000  0.0000  fifo_top_width8
FIFO/Data_Sync_Read_Block           207.0992      0.9      0.0000   207.0992  0.0000  data_sync_fifo_1
FIFO/Data_Sync_Write_Block          207.0992      0.9      0.0000   207.0992  0.0000  data_sync_fifo_0
FIFO/Memory                        2887.6218     12.5   1230.8282  1656.7936  0.0000  fifo_memory_data_width8
FIFO/Read_Empty                     270.6410      1.2    165.9147   104.7263  0.0000  fifo_rptr_empty
FIFO/Write_Full                     277.7012      1.2    174.1516   103.5496  0.0000  fifo_wptr_full
PULSE_GENERATOR                      57.6583      0.3      5.8835    51.7748  0.0000  PULSE_GEN
REG_FILE                           6075.3021     26.4   2528.7284  3546.5738  0.0000  RAM
RX_CLK_DIV                          767.2084      3.3    442.4392   232.9866  0.0000  ClkDiv_1
RX_CLK_DIV/add_49                    91.7826      0.4     91.7826     0.0000  0.0000  ClkDiv_1_DW01_inc_0
TX_CLK_DIV                          767.2084      3.3    442.4392   232.9866  0.0000  ClkDiv_0
TX_CLK_DIV/add_49                    91.7826      0.4     91.7826     0.0000  0.0000  ClkDiv_0_DW01_inc_0
UART                               4383.2075     19.0     25.8874     0.0000  0.0000  UART_TOP
UART/RX                            3437.1407     14.9     42.3612     0.0000  0.0000  UART_RX
UART/RX/DS                          814.2764      3.5    736.6142    77.6622  0.0000  data_sampling
UART/RX/DZ                          529.5150      2.3    244.7536   284.7614  0.0000  deserializer
UART/RX/EBC                         548.3422      2.4    315.3556   232.9866  0.0000  edge_bit_counter
UART/RX/F                          1256.7156      5.5   1179.0534    77.6622  0.0000  FSM_RX
UART/RX/P                           150.6176      0.7    115.3166    35.3010  0.0000  parity_check
UART/RX/Sp                           52.9515      0.2     17.6505    35.3010  0.0000  stop_check
UART/RX/Sr                           42.3612      0.2     16.4738    25.8874  0.0000  start_check
UART/TX                             920.1794      4.0      7.0602     0.0000  0.0000  UART_TX
UART/TX/F1                          161.2079      0.7     83.5457    77.6622  0.0000  FSM
UART/TX/M1                           57.6583      0.3     31.7709    25.8874  0.0000  MUX
UART/TX/P1                          124.7302      0.5     98.8428    25.8874  0.0000  parity_checker
UART/TX/S1                          569.5228      2.5    225.9264   343.5964  0.0000  Serializer
--------------------------------  ----------  -------  ----------  ---------  ------  -------------------------------------------------------------------
Total                                                  14355.7403  8668.7488  0.0000

1
